Component: ARM Compiler 5.06 update 6 (build 750) Tool: armlink [4d35ed]

==============================================================================

Section Cross References

    startup_stm32g431xx.o(RESET) refers to startup_stm32g431xx.o(STACK) for __initial_sp
    startup_stm32g431xx.o(RESET) refers to startup_stm32g431xx.o(.text) for Reset_Handler
    startup_stm32g431xx.o(RESET) refers to stm32g4xx_it.o(i.NMI_Handler) for NMI_Handler
    startup_stm32g431xx.o(RESET) refers to stm32g4xx_it.o(i.HardFault_Handler) for HardFault_Handler
    startup_stm32g431xx.o(RESET) refers to stm32g4xx_it.o(i.MemManage_Handler) for MemManage_Handler
    startup_stm32g431xx.o(RESET) refers to stm32g4xx_it.o(i.BusFault_Handler) for BusFault_Handler
    startup_stm32g431xx.o(RESET) refers to stm32g4xx_it.o(i.UsageFault_Handler) for UsageFault_Handler
    startup_stm32g431xx.o(RESET) refers to stm32g4xx_it.o(i.SVC_Handler) for SVC_Handler
    startup_stm32g431xx.o(RESET) refers to stm32g4xx_it.o(i.DebugMon_Handler) for DebugMon_Handler
    startup_stm32g431xx.o(RESET) refers to stm32g4xx_it.o(i.PendSV_Handler) for PendSV_Handler
    startup_stm32g431xx.o(RESET) refers to stm32g4xx_it.o(i.SysTick_Handler) for SysTick_Handler
    startup_stm32g431xx.o(RESET) refers to stm32g4xx_it.o(i.DMA1_Channel1_IRQHandler) for DMA1_Channel1_IRQHandler
    startup_stm32g431xx.o(RESET) refers to stm32g4xx_it.o(i.DMA1_Channel2_IRQHandler) for DMA1_Channel2_IRQHandler
    startup_stm32g431xx.o(RESET) refers to stm32g4xx_it.o(i.ADC1_2_IRQHandler) for ADC1_2_IRQHandler
    startup_stm32g431xx.o(RESET) refers to stm32g4xx_it.o(i.TIM1_UP_TIM16_IRQHandler) for TIM1_UP_TIM16_IRQHandler
    startup_stm32g431xx.o(RESET) refers to stm32g4xx_it.o(i.TIM2_IRQHandler) for TIM2_IRQHandler
    startup_stm32g431xx.o(RESET) refers to stm32g4xx_it.o(i.USART1_IRQHandler) for USART1_IRQHandler
    startup_stm32g431xx.o(.text) refers to system_stm32g4xx.o(i.SystemInit) for SystemInit
    startup_stm32g431xx.o(.text) refers to entry.o(.ARM.Collect$$$$00000000) for __main
    main.o(i.MX_ADC2_Init) refers to memseta.o(.text) for __aeabi_memclr4
    main.o(i.MX_ADC2_Init) refers to stm32g4xx_hal_adc.o(i.HAL_ADC_Init) for HAL_ADC_Init
    main.o(i.MX_ADC2_Init) refers to stm32g4xx_hal_adc.o(i.HAL_ADC_ConfigChannel) for HAL_ADC_ConfigChannel
    main.o(i.MX_ADC2_Init) refers to stm32g4xx_hal_adc_ex.o(i.HAL_ADCEx_InjectedConfigChannel) for HAL_ADCEx_InjectedConfigChannel
    main.o(i.MX_ADC2_Init) refers to main.o(.bss) for .bss
    main.o(i.MX_GPIO_Init) refers to memseta.o(.text) for __aeabi_memclr4
    main.o(i.MX_GPIO_Init) refers to stm32g4xx_hal_gpio.o(i.HAL_GPIO_WritePin) for HAL_GPIO_WritePin
    main.o(i.MX_GPIO_Init) refers to stm32g4xx_hal_gpio.o(i.HAL_GPIO_Init) for HAL_GPIO_Init
    main.o(i.MX_SPI3_Init) refers to stm32g4xx_hal_spi.o(i.HAL_SPI_Init) for HAL_SPI_Init
    main.o(i.MX_SPI3_Init) refers to main.o(.bss) for .bss
    main.o(i.MX_TIM1_Init) refers to memseta.o(.text) for __aeabi_memclr4
    main.o(i.MX_TIM1_Init) refers to stm32g4xx_hal_tim.o(i.HAL_TIM_Base_Init) for HAL_TIM_Base_Init
    main.o(i.MX_TIM1_Init) refers to stm32g4xx_hal_tim.o(i.HAL_TIM_ConfigClockSource) for HAL_TIM_ConfigClockSource
    main.o(i.MX_TIM1_Init) refers to stm32g4xx_hal_tim.o(i.HAL_TIM_PWM_Init) for HAL_TIM_PWM_Init
    main.o(i.MX_TIM1_Init) refers to stm32g4xx_hal_tim_ex.o(i.HAL_TIMEx_MasterConfigSynchronization) for HAL_TIMEx_MasterConfigSynchronization
    main.o(i.MX_TIM1_Init) refers to stm32g4xx_hal_tim.o(i.HAL_TIM_PWM_ConfigChannel) for HAL_TIM_PWM_ConfigChannel
    main.o(i.MX_TIM1_Init) refers to stm32g4xx_hal_tim_ex.o(i.HAL_TIMEx_ConfigBreakDeadTime) for HAL_TIMEx_ConfigBreakDeadTime
    main.o(i.MX_TIM1_Init) refers to stm32g4xx_hal_msp.o(i.HAL_TIM_MspPostInit) for HAL_TIM_MspPostInit
    main.o(i.MX_TIM1_Init) refers to main.o(.bss) for .bss
    main.o(i.MX_TIM2_Init) refers to stm32g4xx_hal_tim.o(i.HAL_TIM_Base_Init) for HAL_TIM_Base_Init
    main.o(i.MX_TIM2_Init) refers to stm32g4xx_hal_tim.o(i.HAL_TIM_ConfigClockSource) for HAL_TIM_ConfigClockSource
    main.o(i.MX_TIM2_Init) refers to stm32g4xx_hal_tim_ex.o(i.HAL_TIMEx_MasterConfigSynchronization) for HAL_TIMEx_MasterConfigSynchronization
    main.o(i.MX_TIM2_Init) refers to main.o(.bss) for .bss
    main.o(i.MX_TIM3_Init) refers to memseta.o(.text) for __aeabi_memclr4
    main.o(i.MX_TIM3_Init) refers to stm32g4xx_hal_tim.o(i.HAL_TIM_Encoder_Init) for HAL_TIM_Encoder_Init
    main.o(i.MX_TIM3_Init) refers to stm32g4xx_hal_tim_ex.o(i.HAL_TIMEx_MasterConfigSynchronization) for HAL_TIMEx_MasterConfigSynchronization
    main.o(i.MX_TIM3_Init) refers to main.o(.bss) for .bss
    main.o(i.MX_USART1_UART_Init) refers to stm32g4xx_hal_uart.o(i.HAL_UART_Init) for HAL_UART_Init
    main.o(i.MX_USART1_UART_Init) refers to stm32g4xx_hal_uart_ex.o(i.HAL_UARTEx_SetTxFifoThreshold) for HAL_UARTEx_SetTxFifoThreshold
[...]
    i.LCD_ShowChinese12x12                   0x08005774   Section        0  lcd_drv.o(i.LCD_ShowChinese12x12)
    i.LCD_ShowChinese16x16                   0x08005880   Section        0  lcd_drv.o(i.LCD_ShowChinese16x16)
    i.LCD_ShowChinese24x24                   0x08005988   Section        0  lcd_drv.o(i.LCD_ShowChinese24x24)
    i.LCD_ShowChinese32x32                   0x08005a94   Section        0  lcd_drv.o(i.LCD_ShowChinese32x32)
    i.LCD_ShowFloatNum1                      0x08005b9c   Section        0  lcd_drv.o(i.LCD_ShowFloatNum1)
    i.LCD_ShowIntNum                         0x08005c3c   Section        0  lcd_drv.o(i.LCD_ShowIntNum)
    i.LCD_ShowPicture                        0x08005cba   Section        0  lcd_drv.o(i.LCD_ShowPicture)
    i.LCD_ShowString                         0x08005d0e   Section        0  lcd_drv.o(i.LCD_ShowString)
    i.LCD_WR_DATA                            0x08005d48   Section        0  lcd_drv.o(i.LCD_WR_DATA)
    i.LCD_WR_REG                             0x08005d5c   Section        0  lcd_drv.o(i.LCD_WR_REG)
    i.LCD_buffer_write                       0x08005d84   Section        0  lcd_drv.o(i.LCD_buffer_write)
    LCD_buffer_write                         0x08005d85   Thumb Code    28  lcd_drv.o(i.LCD_buffer_write)
    i.LL_ADC_GetOffsetChannel                0x08005da8   Section        0  stm32g4xx_hal_adc.o(i.LL_ADC_GetOffsetChannel)
    LL_ADC_GetOffsetChannel                  0x08005da9   Thumb Code    12  stm32g4xx_hal_adc.o(i.LL_ADC_GetOffsetChannel)
    i.LL_ADC_GetOffsetChannel                0x08005db4   Section        0  stm32g4xx_hal_adc_ex.o(i.LL_ADC_GetOffsetChannel)
    LL_ADC_GetOffsetChannel                  0x08005db5   Thumb Code    12  stm32g4xx_hal_adc_ex.o(i.LL_ADC_GetOffsetChannel)
    i.LL_ADC_INJ_IsConversionOngoing         0x08005dc0   Section        0  stm32g4xx_hal_adc.o(i.LL_ADC_INJ_IsConversionOngoing)
    LL_ADC_INJ_IsConversionOngoing           0x08005dc1   Thumb Code     8  stm32g4xx_hal_adc.o(i.LL_ADC_INJ_IsConversionOngoing)
    i.LL_ADC_INJ_IsConversionOngoing         0x08005dc8   Section        0  stm32g4xx_hal_adc_ex.o(i.LL_ADC_INJ_IsConversionOngoing)
    LL_ADC_INJ_IsConversionOngoing           0x08005dc9   Thumb Code     8  stm32g4xx_hal_adc_ex.o(i.LL_ADC_INJ_IsConversionOngoing)
    i.LL_ADC_IsEnabled                       0x08005dd0   Section        0  stm32g4xx_hal_adc.o(i.LL_ADC_IsEnabled)
    LL_ADC_IsEnabled                         0x08005dd1   Thumb Code     8  stm32g4xx_hal_adc.o(i.LL_ADC_IsEnabled)
    i.LL_ADC_IsEnabled                       0x08005dd8   Section        0  stm32g4xx_hal_adc_ex.o(i.LL_ADC_IsEnabled)
    LL_ADC_IsEnabled                         0x08005dd9   Thumb Code     8  stm32g4xx_hal_adc_ex.o(i.LL_ADC_IsEnabled)
    i.LL_ADC_REG_IsConversionOngoing         0x08005de0   Section        0  stm32g4xx_hal_adc.o(i.LL_ADC_REG_IsConversionOngoing)
    LL_ADC_REG_IsConversionOngoing           0x08005de1   Thumb Code     8  stm32g4xx_hal_adc.o(i.LL_ADC_REG_IsConversionOngoing)
    i.LL_ADC_REG_IsConversionOngoing         0x08005de8   Section        0  stm32g4xx_hal_adc_ex.o(i.LL_ADC_REG_IsConversionOngoing)
    LL_ADC_REG_IsConversionOngoing           0x08005de9   Thumb Code     8  stm32g4xx_hal_adc_ex.o(i.LL_ADC_REG_IsConversionOngoing)
    i.LL_ADC_REG_IsTriggerSourceSWStart      0x08005df0   Section        0  stm32g4xx_hal_adc.o(i.LL_ADC_REG_IsTriggerSourceSWStart)
    LL_ADC_REG_IsTriggerSourceSWStart        0x08005df1   Thumb Code    16  stm32g4xx_hal_adc.o(i.LL_ADC_REG_IsTriggerSourceSWStart)
    i.LL_ADC_SetChannelSamplingTime          0x08005e00   Section        0  stm32g4xx_hal_adc.o(i.LL_ADC_SetChannelSamplingTime)
    LL_ADC_SetChannelSamplingTime            0x08005e01   Thumb Code    30  stm32g4xx_hal_adc.o(i.LL_ADC_SetChannelSamplingTime)
    i.LL_ADC_SetChannelSamplingTime          0x08005e1e   Section        0  stm32g4xx_hal_adc_ex.o(i.LL_ADC_SetChannelSamplingTime)
    LL_ADC_SetChannelSamplingTime            0x08005e1f   Thumb Code    30  stm32g4xx_hal_adc_ex.o(i.LL_ADC_SetChannelSamplingTime)
    i.LL_ADC_SetOffsetState                  0x08005e3c   Section        0  stm32g4xx_hal_adc.o(i.LL_ADC_SetOffsetState)
    LL_ADC_SetOffsetState                    0x08005e3d   Thumb Code    16  stm32g4xx_hal_adc.o(i.LL_ADC_SetOffsetState)
    i.LL_ADC_SetOffsetState                  0x08005e4c   Section        0  stm32g4xx_hal_adc_ex.o(i.LL_ADC_SetOffsetState)
    LL_ADC_SetOffsetState                    0x08005e4d   Thumb Code    16  stm32g4xx_hal_adc_ex.o(i.LL_ADC_SetOffsetState)
    i.Lcd_Task                               0x08005e5c   Section        0  lcd_task.o(i.Lcd_Task)
    i.Led_Task                               0x08005f94   Section        0  led_task.o(i.Led_Task)
    i.MX_ADC2_Init                           0x08005fcc   Section        0  main.o(i.MX_ADC2_Init)
    MX_ADC2_Init                             0x08005fcd   Thumb Code   246  main.o(i.MX_ADC2_Init)
    i.MX_GPIO_Init                           0x080060e0   Section        0  main.o(i.MX_GPIO_Init)
    MX_GPIO_Init                             0x080060e1   Thumb Code   302  main.o(i.MX_GPIO_Init)
    i.MX_SPI3_Init                           0x08006220   Section        0  main.o(i.MX_SPI3_Init)
    MX_SPI3_Init                             0x08006221   Thumb Code    70  main.o(i.MX_SPI3_Init)
    i.MX_TIM1_Init                           0x08006270   Section        0  main.o(i.MX_TIM1_Init)
    MX_TIM1_Init                             0x08006271   Thumb Code   262  main.o(i.MX_TIM1_Init)
    i.MX_TIM2_Init                           0x08006380   Section        0  main.o(i.MX_TIM2_Init)
    MX_TIM2_Init                             0x08006381   Thumb Code    98  main.o(i.MX_TIM2_Init)
    i.MX_TIM3_Init                           0x080063e8   Section        0  main.o(i.MX_TIM3_Init)
    MX_TIM3_Init                             0x080063e9   Thumb Code   102  main.o(i.MX_TIM3_Init)
    i.MX_USART1_UART_Init                    0x08006458   Section        0  main.o(i.MX_USART1_UART_Init)
    MX_USART1_UART_Init                      0x08006459   Thumb Code    88  main.o(i.MX_USART1_UART_Init)
    i.MemManage_Handler                      0x080064bc   Section        0  stm32g4xx_it.o(i.MemManage_Handler)
    i.Motor_Identify                         0x080064c0   Section        0  motor_identify.o(i.Motor_Identify)
    i.Motor_Struct_Init                      0x080067bc   Section        0  motor_publicdata.o(i.Motor_Struct_Init)
    i.Motor_System_Init                      0x08006a90   Section        0  motor_system.o(i.Motor_System_Init)
    i.Motor_System_Run                       0x08006a94   Section        0  motor_system.o(i.Motor_System_Run)
    i.NMI_Handler                            0x08006be0   Section        0  stm32g4xx_it.o(i.NMI_Handler)
    i.PID_Control                            0x08006be2   Section        0  pid_drv.o(i.PID_Control)
    i.PLL_Calculate                          0x08006c6c   Section        0  observer_drv.o(i.PLL_Calculate)
    i.Park_Transform                         0x08006d24   Section        0  foc_drv.o(i.Park_Transform)
    i.PendSV_Handler                         0x08006d4e   Section        0  stm32g4xx_it.o(i.PendSV_Handler)
    i.Pos_Speed_Current_Loop                 0x08006d50   Section        0  motor_sensoruse.o(i.Pos_Speed_Current_Loop)
    i.SMO_Calculate                          0x08006ec8   Section        0  observer_drv.o(i.SMO_Calculate)
    i.SPI_EndRxTxTransaction                 0x08006fac   Section        0  stm32g4xx_hal_spi.o(i.SPI_EndRxTxTransaction)
    SPI_EndRxTxTransaction                   0x08006fad   Thumb Code    72  stm32g4xx_hal_spi.o(i.SPI_EndRxTxTransaction)
    i.SPI_WaitFifoStateUntilTimeout          0x08006ff4   Section        0  stm32g4xx_hal_spi.o(i.SPI_WaitFifoStateUntilTimeout)
    SPI_WaitFifoStateUntilTimeout            0x08006ff5   Thumb Code   214  stm32g4xx_hal_spi.o(i.SPI_WaitFifoStateUntilTimeout)
    i.SPI_WaitFlagStateUntilTimeout          0x080070d0   Section        0  stm32g4xx_hal_spi.o(i.SPI_WaitFlagStateUntilTimeout)
    SPI_WaitFlagStateUntilTimeout            0x080070d1   Thumb Code   180  stm32g4xx_hal_spi.o(i.SPI_WaitFlagStateUntilTimeout)
    i.SVC_Handler                            0x08007188   Section        0  stm32g4xx_it.o(i.SVC_Handler)
    i.Sat                                    0x0800718a   Section        0  motor_sensorless.o(i.Sat)
    Sat                                      0x0800718b   Thumb Code    32  motor_sensorless.o(i.Sat)
    i.Sensorless_Control                     0x080071ac   Section        0  motor_sensorless.o(i.Sensorless_Control)
    i.Sensoruse_Control                      0x080071e0   Section        0  motor_sensoruse.o(i.Sensoruse_Control)
    i.Speed_Current_Loop                     0x0800722c   Section        0  motor_sensoruse.o(i.Speed_Current_Loop)
    i.Strong_Drag_Current_Close_Loop         0x0800734c   Section        0  motor_sensorless.o(i.Strong_Drag_Current_Close_Loop)
    i.Strong_Drag_Current_Open_Loop          0x0800742c   Section        0  motor_sensorless.o(i.Strong_Drag_Current_Open_Loop)
    i.Strong_Drag_Smo_Speed_Current_Loop     0x08007480   Section        0  motor_sensorless.o(i.Strong_Drag_Smo_Speed_Current_Loop)
    i.Strong_Drag_To_Observer_Cal            0x08007740   Section        0  motor_sensorless.o(i.Strong_Drag_To_Observer_Cal)
    i.SysTick_Handler                        0x080079a0   Section        0  stm32g4xx_it.o(i.SysTick_Handler)
    i.SystemClock_Config                     0x080079a4   Section        0  main.o(i.SystemClock_Config)
    i.SystemInit                             0x08007a0c   Section        0  system_stm32g4xx.o(i.SystemInit)
    i.TIM1_UP_TIM16_IRQHandler               0x08007a1c   Section        0  stm32g4xx_it.o(i.TIM1_UP_TIM16_IRQHandler)
    i.TIM2_IRQHandler                        0x08007a28   Section        0  stm32g4xx_it.o(i.TIM2_IRQHandler)
    i.TIM_Base_SetConfig                     0x08007a34   Section        0  stm32g4xx_hal_tim.o(i.TIM_Base_SetConfig)
    i.TIM_CCxChannelCmd                      0x08007af0   Section        0  stm32g4xx_hal_tim.o(i.TIM_CCxChannelCmd)
    i.TIM_ETR_SetConfig                      0x08007b0a   Section        0  stm32g4xx_hal_tim.o(i.TIM_ETR_SetConfig)
    i.TIM_ITRx_SetConfig                     0x08007b20   Section        0  stm32g4xx_hal_tim.o(i.TIM_ITRx_SetConfig)
    TIM_ITRx_SetConfig                       0x08007b21   Thumb Code    16  stm32g4xx_hal_tim.o(i.TIM_ITRx_SetConfig)
    i.TIM_OC1_SetConfig                      0x08007b34   Section        0  stm32g4xx_hal_tim.o(i.TIM_OC1_SetConfig)
    TIM_OC1_SetConfig                        0x08007b35   Thumb Code   132  stm32g4xx_hal_tim.o(i.TIM_OC1_SetConfig)
    i.TIM_OC2_SetConfig                      0x08007bd0   Section        0  stm32g4xx_hal_tim.o(i.TIM_OC2_SetConfig)
    i.TIM_OC3_SetConfig                      0x08007c60   Section        0  stm32g4xx_hal_tim.o(i.TIM_OC3_SetConfig)
    TIM_OC3_SetConfig                        0x08007c61   Thumb Code   118  stm32g4xx_hal_tim.o(i.TIM_OC3_SetConfig)
    i.TIM_OC4_SetConfig                      0x08007cf0   Section        0  stm32g4xx_hal_tim.o(i.TIM_OC4_SetConfig)
    TIM_OC4_SetConfig                        0x08007cf1   Thumb Code   120  stm32g4xx_hal_tim.o(i.TIM_OC4_SetConfig)
    i.TIM_OC5_SetConfig                      0x08007d80   Section        0  stm32g4xx_hal_tim.o(i.TIM_OC5_SetConfig)
    TIM_OC5_SetConfig                        0x08007d81   Thumb Code    86  stm32g4xx_hal_tim.o(i.TIM_OC5_SetConfig)
    i.TIM_OC6_SetConfig                      0x08007df0   Section        0  stm32g4xx_hal_tim.o(i.TIM_OC6_SetConfig)
    TIM_OC6_SetConfig                        0x08007df1   Thumb Code    88  stm32g4xx_hal_tim.o(i.TIM_OC6_SetConfig)
    i.TIM_TI1_ConfigInputStage               0x08007e60   Section        0  stm32g4xx_hal_tim.o(i.TIM_TI1_ConfigInputStage)
    TIM_TI1_ConfigInputStage                 0x08007e61   Thumb Code    34  stm32g4xx_hal_tim.o(i.TIM_TI1_ConfigInputStage)
    i.TIM_TI2_ConfigInputStage               0x08007e82   Section        0  stm32g4xx_hal_tim.o(i.TIM_TI2_ConfigInputStage)
    TIM_TI2_ConfigInputStage                 0x08007e83   Thumb Code    36  stm32g4xx_hal_tim.o(i.TIM_TI2_ConfigInputStage)
    i.T_Shaped_Acc_Dec                       0x08007ea8   Section        0  speed_drv.o(i.T_Shaped_Acc_Dec)
    i.Target_Set                             0x08007f7c   Section        0  global_control.o(i.Target_Set)
    i.UARTEx_SetNbDataToProcess              0x08008020   Section        0  stm32g4xx_hal_uart_ex.o(i.UARTEx_SetNbDataToProcess)
    UARTEx_SetNbDataToProcess                0x08008021   Thumb Code    62  stm32g4xx_hal_uart_ex.o(i.UARTEx_SetNbDataToProcess)
    i.UART_AdvFeatureConfig                  0x08008064   Section        0  stm32g4xx_hal_uart.o(i.UART_AdvFeatureConfig)
    i.UART_CheckIdleState                    0x0800812c   Section        0  stm32g4xx_hal_uart.o(i.UART_CheckIdleState)
    i.UART_DMAAbortOnError                   0x080081d8   Section        0  stm32g4xx_hal_uart.o(i.UART_DMAAbortOnError)
    UART_DMAAbortOnError                     0x080081d9   Thumb Code    16  stm32g4xx_hal_uart.o(i.UART_DMAAbortOnError)
    i.UART_DMAError                          0x080081e8   Section        0  stm32g4xx_hal_uart.o(i.UART_DMAError)
    UART_DMAError                            0x080081e9   Thumb Code    80  stm32g4xx_hal_uart.o(i.UART_DMAError)
    i.UART_DMATransmitCplt                   0x08008238   Section        0  stm32g4xx_hal_uart.o(i.UART_DMATransmitCplt)
    UART_DMATransmitCplt                     0x08008239   Thumb Code    66  stm32g4xx_hal_uart.o(i.UART_DMATransmitCplt)
    i.UART_DMATxHalfCplt                     0x0800827a   Section        0  stm32g4xx_hal_uart.o(i.UART_DMATxHalfCplt)
    UART_DMATxHalfCplt                       0x0800827b   Thumb Code    10  stm32g4xx_hal_uart.o(i.UART_DMATxHalfCplt)
    i.UART_EndRxTransfer                     0x08008284   Section        0  stm32g4xx_hal_uart.o(i.UART_EndRxTransfer)
    UART_EndRxTransfer                       0x08008285   Thumb Code    78  stm32g4xx_hal_uart.o(i.UART_EndRxTransfer)
    i.UART_EndTxTransfer                     0x080082d8   Section        0  stm32g4xx_hal_uart.o(i.UART_EndTxTransfer)
    UART_EndTxTransfer                       0x080082d9   Thumb Code    46  stm32g4xx_hal_uart.o(i.UART_EndTxTransfer)
    i.UART_SetConfig                         0x08008308   Section        0  stm32g4xx_hal_uart.o(i.UART_SetConfig)
    i.UART_WaitOnFlagUntilTimeout            0x08008578   Section        0  stm32g4xx_hal_uart.o(i.UART_WaitOnFlagUntilTimeout)
    i.USART1_IRQHandler                      0x0800860c   Section        0  stm32g4xx_it.o(i.USART1_IRQHandler)
    i.UsageFault_Handler                     0x08008618   Section        0  stm32g4xx_it.o(i.UsageFault_Handler)
    i.Usart_Task                             0x0800861c   Section        0  usart_task.o(i.Usart_Task)
    i.__NVIC_SetPriority                     0x080086a8   Section        0  stm32g4xx_hal_cortex.o(i.__NVIC_SetPriority)
    __NVIC_SetPriority                       0x080086a9   Thumb Code    32  stm32g4xx_hal_cortex.o(i.__NVIC_SetPriority)
    i.__scatterload_copy                     0x080086c8   Section       14  handlers.o(i.__scatterload_copy)
    i.__scatterload_null                     0x080086d6   Section        2  handlers.o(i.__scatterload_null)
    i.__scatterload_zeroinit                 0x080086d8   Section       14  handlers.o(i.__scatterload_zeroinit)
    i.main                                   0x080086e8   Section        0  main.o(i.main)
    i.mypow                                  0x0800879c   Section        0  lcd_drv.o(i.mypow)
    .constdata                               0x080087ac   Section       24  stm32g4xx_hal_uart.o(.constdata)
    .constdata                               0x080087c4   Section       16  stm32g4xx_hal_uart_ex.o(.constdata)
    numerator                                0x080087c4   Data           8  stm32g4xx_hal_uart_ex.o(.constdata)
    denominator                              0x080087cc   Data           8  stm32g4xx_hal_uart_ex.o(.constdata)
    .constdata                               0x080087d4   Section       16  system_stm32g4xx.o(.constdata)
    .constdata                               0x080087e4   Section        8  system_stm32g4xx.o(.constdata)
    .constdata                               0x080087ec   Section    16314  lcd_drv.o(.constdata)
    .constdata                               0x0800c7a6   Section     8052  lcd_drv.o(.constdata)
    .constdata                               0x0800e71c   Section     4096  math_drv.o(.constdata)
    .data                                    0x20000000   Section       12  stm32g4xx_hal.o(.data)
    .data                                    0x2000000c   Section        4  system_stm32g4xx.o(.data)
    .data                                    0x20000010   Section        4  led_task.o(.data)
    .data                                    0x20000014   Section        2  lcd_drv.o(.data)
    lcd_buffer_index                         0x20000014   Data           2  lcd_drv.o(.data)
    .data                                    0x20000016   Section        4  lcd_mid.o(.data)
    .data                                    0x2000001a   Section        4  lcd_task.o(.data)
    .data                                    0x2000001e   Section       10  key_drv.o(.data)
    .data                                    0x20000028   Section        4  key_task.o(.data)
    .data                                    0x2000002c   Section        4  usart_task.o(.data)
    .data                                    0x20000030   Section        1  motor_publicdata.o(.data)
    .bss                                     0x20000034   Section      660  main.o(.bss)
    .bss                                     0x200002c8   Section       96  main.o(.bss)
    .bss                                     0x20000328   Section       96  main.o(.bss)
    .bss                                     0x20000388   Section      256  lcd_drv.o(.bss)
    lcd_dma_buffer                           0x20000388   Data         256  lcd_drv.o(.bss)
    .bss                                     0x20000488   Section       16  usart_task.o(.bss)
    .bss                                     0x20000498   Section     1088  motor_publicdata.o(.bss)
    STACK                                    0x200008d8   Section     1024  startup_stm32g431xx.o(STACK)

    Global Symbols

    Symbol Name                              Value     Ov Type        Size  Object(Section)

    BuildAttributes$$THM_ISAv4$E$P$D$K$B$S$7EM$VFPi3$EXTD16$VFPS$VFMA$PE$A:L22UL41UL21$X:L11$S22US41US21$IEEE1$IW$USESV6$~STKCKD$USESV7$~SHL$OSPACE$EBA8$MICROLIB$REQ8$PRES8$EABIv2 0x00000000   Number         0  anon$$obj.o ABSOLUTE
    __ARM_use_no_argv                        0x00000000   Number         0  main.o ABSOLUTE
    __cpp_initialize__aeabi_                  - Undefined Weak Reference
    __cxa_finalize                            - Undefined Weak Reference
    __decompress                              - Undefined Weak Reference
    _clock_init                               - Undefined Weak Reference
    _microlib_exit                            - Undefined Weak Reference
    __Vectors_Size                           0x000001d8   Number         0  startup_stm32g431xx.o ABSOLUTE
    __Vectors                                0x08000000   Data           4  startup_stm32g431xx.o(RESET)
    __Vectors_End                            0x080001d8   Data           0  startup_stm32g431xx.o(RESET)
    __main                                   0x080001d9   Thumb Code     0  entry.o(.ARM.Collect$$$$00000000)
    _main_stk                                0x080001d9   Thumb Code     0  entry2.o(.ARM.Collect$$$$00000001)
    _main_scatterload                        0x080001dd   Thumb Code     0  entry5.o(.ARM.Collect$$$$00000004)
    __main_after_scatterload                 0x080001e1   Thumb Code     0  entry5.o(.ARM.Collect$$$$00000004)
    _main_clock                              0x080001e1   Thumb Code     0  entry7b.o(.ARM.Collect$$$$00000008)
    _main_cpp_init                           0x080001e1   Thumb Code     0  entry8b.o(.ARM.Collect$$$$0000000A)
    _main_init                               0x080001e1   Thumb Code     0  entry9a.o(.ARM.Collect$$$$0000000B)
    __rt_final_cpp                           0x080001e9   Thumb Code     0  entry10a.o(.ARM.Collect$$$$0000000D)
    __rt_final_exit                          0x080001e9   Thumb Code     0  entry11a.o(.ARM.Collect$$$$0000000F)
    Reset_Handler                            0x080001ed   Thumb Code     8  startup_stm32g431xx.o(.text)
    COMP1_2_3_IRQHandler                     0x08000207   Thumb Code     0  startup_stm32g431xx.o(.text)
    COMP4_IRQHandler                         0x08000207   Thumb Code     0  startup_stm32g431xx.o(.text)
    CORDIC_IRQHandler                        0x08000207   Thumb Code     0  startup_stm32g431xx.o(.text)
    CRS_IRQHandler                           0x08000207   Thumb Code     0  startup_stm32g431xx.o(.text)
    DMA1_Channel3_IRQHandler                 0x08000207   Thumb Code     0  startup_stm32g431xx.o(.text)
    DMA1_Channel4_IRQHandler                 0x08000207   Thumb Code     0  startup_stm32g431xx.o(.text)
    DMA1_Channel5_IRQHandler                 0x08000207   Thumb Code     0  startup_stm32g431xx.o(.text)
    DMA1_Channel6_IRQHandler                 0x08000207   Thumb Code     0  startup_stm32g431xx.o(.text)
    DMA2_Channel1_IRQHandler                 0x08000207   Thumb Code     0  startup_stm32g431xx.o(.text)
    DMA2_Channel2_IRQHandler                 0x08000207   Thumb Code     0  startup_stm32g431xx.o(.text)
    DMA2_Channel3_IRQHandler                 0x08000207   Thumb Code     0  startup_stm32g431xx.o(.text)
    DMA2_Channel4_IRQHandler                 0x08000207   Thumb Code     0  startup_stm32g431xx.o(.text)
    DMA2_Channel5_IRQHandler                 0x08000207   Thumb Code     0  startup_stm32g431xx.o(.text)
    DMA2_Channel6_IRQHandler                 0x08000207   Thumb Code     0  startup_stm32g431xx.o(.text)
    DMAMUX_OVR_IRQHandler                    0x08000207   Thumb Code     0  startup_stm32g431xx.o(.text)
    EXTI0_IRQHandler                         0x08000207   Thumb Code     0  startup_stm32g431xx.o(.text)
    EXTI15_10_IRQHandler                     0x08000207   Thumb Code     0  startup_stm32g431xx.o(.text)
    EXTI1_IRQHandler                         0x08000207   Thumb Code     0  startup_stm32g431xx.o(.text)
    EXTI2_IRQHandler                         0x08000207   Thumb Code     0  startup_stm32g431xx.o(.text)
    EXTI3_IRQHandler                         0x08000207   Thumb Code     0  startup_stm32g431xx.o(.text)
    EXTI4_IRQHandler                         0x08000207   Thumb Code     0  startup_stm32g431xx.o(.text)
    EXTI9_5_IRQHandler                       0x08000207   Thumb Code     0  startup_stm32g431xx.o(.text)
    FDCAN1_IT0_IRQHandler                    0x08000207   Thumb Code     0  startup_stm32g431xx.o(.text)
    FDCAN1_IT1_IRQHandler                    0x08000207   Thumb Code     0  startup_stm32g431xx.o(.text)
    FLASH_IRQHandler                         0x08000207   Thumb Code     0  startup_stm32g431xx.o(.text)
    FMAC_IRQHandler                          0x08000207   Thumb Code     0  startup_stm32g431xx.o(.text)
    FPU_IRQHandler                           0x08000207   Thumb Code     0  startup_stm32g431xx.o(.text)
    I2C1_ER_IRQHandler                       0x08000207   Thumb Code     0  startup_stm32g431xx.o(.text)
    I2C1_EV_IRQHandler                       0x08000207   Thumb Code     0  startup_stm32g431xx.o(.text)
    I2C2_ER_IRQHandler                       0x08000207   Thumb Code     0  startup_stm32g431xx.o(.text)
    I2C2_EV_IRQHandler                       0x08000207   Thumb Code     0  startup_stm32g431xx.o(.text)
    I2C3_ER_IRQHandler                       0x08000207   Thumb Code     0  startup_stm32g431xx.o(.text)
    I2C3_EV_IRQHandler                       0x08000207   Thumb Code     0  startup_stm32g431xx.o(.text)
    LPTIM1_IRQHandler                        0x08000207   Thumb Code     0  startup_stm32g431xx.o(.text)
    LPUART1_IRQHandler                       0x08000207   Thumb Code     0  startup_stm32g431xx.o(.text)
    PVD_PVM_IRQHandler                       0x08000207   Thumb Code     0  startup_stm32g431xx.o(.text)
    RCC_IRQHandler                           0x08000207   Thumb Code     0  startup_stm32g431xx.o(.text)
    RNG_IRQHandler                           0x08000207   Thumb Code     0  startup_stm32g431xx.o(.text)
    RTC_Alarm_IRQHandler                     0x08000207   Thumb Code     0  startup_stm32g431xx.o(.text)
    RTC_TAMP_LSECSS_IRQHandler               0x08000207   Thumb Code     0  startup_stm32g431xx.o(.text)
    RTC_WKUP_IRQHandler                      0x08000207   Thumb Code     0  startup_stm32g431xx.o(.text)
    SAI1_IRQHandler                          0x08000207   Thumb Code     0  startup_stm32g431xx.o(.text)
    SPI1_IRQHandler                          0x08000207   Thumb Code     0  startup_stm32g431xx.o(.text)
    SPI2_IRQHandler                          0x08000207   Thumb Code     0  startup_stm32g431xx.o(.text)
    SPI3_IRQHandler                          0x08000207   Thumb Code     0  startup_stm32g431xx.o(.text)
    TIM1_BRK_TIM15_IRQHandler                0x08000207   Thumb Code     0  startup_stm32g431xx.o(.text)
    TIM1_CC_IRQHandler                       0x08000207   Thumb Code     0  startup_stm32g431xx.o(.text)
    TIM1_TRG_COM_TIM17_IRQHandler            0x08000207   Thumb Code     0  startup_stm32g431xx.o(.text)
    TIM3_IRQHandler                          0x08000207   Thumb Code     0  startup_stm32g431xx.o(.text)
    TIM4_IRQHandler                          0x08000207   Thumb Code     0  startup_stm32g431xx.o(.text)
    TIM6_DAC_IRQHandler                      0x08000207   Thumb Code     0  startup_stm32g431xx.o(.text)
    TIM7_IRQHandler                          0x08000207   Thumb Code     0  startup_stm32g431xx.o(.text)
    TIM8_BRK_IRQHandler                      0x08000207   Thumb Code     0  startup_stm32g431xx.o(.text)
    TIM8_CC_IRQHandler                       0x08000207   Thumb Code     0  startup_stm32g431xx.o(.text)
    TIM8_TRG_COM_IRQHandler                  0x08000207   Thumb Code     0  startup_stm32g431xx.o(.text)
    TIM8_UP_IRQHandler                       0x08000207   Thumb Code     0  startup_stm32g431xx.o(.text)
    UART4_IRQHandler                         0x08000207   Thumb Code     0  startup_stm32g431xx.o(.text)
    UCPD1_IRQHandler                         0x08000207   Thumb Code     0  startup_stm32g431xx.o(.text)
    USART2_IRQHandler                        0x08000207   Thumb Code     0  startup_stm32g431xx.o(.text)
    USART3_IRQHandler                        0x08000207   Thumb Code     0  startup_stm32g431xx.o(.text)
    USBWakeUp_IRQHandler                     0x08000207   Thumb Code     0  startup_stm32g431xx.o(.text)
    USB_HP_IRQHandler                        0x08000207   Thumb Code     0  startup_stm32g431xx.o(.text)
    USB_LP_IRQHandler                        0x08000207   Thumb Code     0  startup_stm32g431xx.o(.text)
    WWDG_IRQHandler                          0x08000207   Thumb Code     0  startup_stm32g431xx.o(.text)
    __aeabi_uldivmod                         0x08000211   Thumb Code    98  uldiv.o(.text)
    __aeabi_memset                           0x08000273   Thumb Code    14  memseta.o(.text)
    __aeabi_memset4                          0x08000273   Thumb Code     0  memseta.o(.text)
    __aeabi_memset8                          0x08000273   Thumb Code     0  memseta.o(.text)
    __aeabi_memclr                           0x08000281   Thumb Code     4  memseta.o(.text)
    __aeabi_memclr4                          0x08000281   Thumb Code     0  memseta.o(.text)
    __aeabi_memclr8                          0x08000281   Thumb Code     0  memseta.o(.text)
    _memset$wrapper                          0x08000285   Thumb Code    18  memseta.o(.text)
    __aeabi_llsl                             0x08000297   Thumb Code    30  llshl.o(.text)
    _ll_shift_l                              0x08000297   Thumb Code     0  llshl.o(.text)
    __aeabi_llsr                             0x080002b5   Thumb Code    32  llushr.o(.text)
    _ll_ushift_r                             0x080002b5   Thumb Code     0  llushr.o(.text)
    __scatterload                            0x080002d5   Thumb Code    28  init.o(.text)
    __scatterload_rt2                        0x080002d5   Thumb Code     0  init.o(.text)
    ADC1_2_IRQHandler                        0x080002f9   Thumb Code     6  stm32g4xx_it.o(i.ADC1_2_IRQHandler)
    ADC_DMAConvCplt                          0x08000305   Thumb Code   104  stm32g4xx_hal_adc.o(i.ADC_DMAConvCplt)
    ADC_DMAError                             0x0800036d   Thumb Code    26  stm32g4xx_hal_adc.o(i.ADC_DMAError)
    ADC_DMAHalfConvCplt                      0x08000387   Thumb Code    10  stm32g4xx_hal_adc.o(i.ADC_DMAHalfConvCplt)
    ADC_Disable                              0x08000391   Thumb Code   106  stm32g4xx_hal_adc.o(i.ADC_Disable)
    ADC_Enable                               0x08000401   Thumb Code   156  stm32g4xx_hal_adc.o(i.ADC_Enable)
    Amplitude_Limit                          0x080004ad   Thumb Code    40  math_drv.o(i.Amplitude_Limit)
    BusFault_Handler                         0x080004d5   Thumb Code     2  stm32g4xx_it.o(i.BusFault_Handler)
    Calculate_Adc_Offset                     0x080004d7   Thumb Code   102  sample_drv.o(i.Calculate_Adc_Offset)
    Calculate_Bus_Voltage                    0x0800053d   Thumb Code    34  sample_drv.o(i.Calculate_Bus_Voltage)
    Calculate_Encoder_Data                   0x0800055f   Thumb Code    62  eangle_drv.o(i.Calculate_Encoder_Data)
    Calculate_Phase_Current                  0x0800059d   Thumb Code    70  sample_drv.o(i.Calculate_Phase_Current)
    Calculate_Position                       0x080005e3   Thumb Code    96  position_drv.o(i.Calculate_Position)
    Calculate_SVPWM                          0x08000645   Thumb Code   492  foc_drv.o(i.Calculate_SVPWM)
    Calculate_Sin_Cos                        0x08000841   Thumb Code   200  math_drv.o(i.Calculate_Sin_Cos)
    Calculate_Speed                          0x08000915   Thumb Code   116  speed_drv.o(i.Calculate_Speed)
    Clark_Transform                          0x08000989   Thumb Code    34  foc_drv.o(i.Clark_Transform)
    Current_Close_Loop                       0x080009b5   Thumb Code   160  motor_sensoruse.o(i.Current_Close_Loop)
    Current_Open_Loop                        0x08000a59   Thumb Code    32  motor_sensoruse.o(i.Current_Open_Loop)
    DMA1_Channel1_IRQHandler                 0x08000a7d   Thumb Code     6  stm32g4xx_it.o(i.DMA1_Channel1_IRQHandler)
    DMA1_Channel2_IRQHandler                 0x08000a89   Thumb Code     6  stm32g4xx_it.o(i.DMA1_Channel2_IRQHandler)
    DebugMon_Handler                         0x08000b37   Thumb Code     2  stm32g4xx_it.o(i.DebugMon_Handler)
    Electrical_Angle_Generator               0x08000b39   Thumb Code    70  eangle_drv.o(i.Electrical_Angle_Generator)
    Encoder_Data_Get                         0x08000b85   Thumb Code     8  global_control.o(i.Encoder_Data_Get)
    Error_Handler                            0x08000b91   Thumb Code     4  main.o(i.Error_Handler)
    Global_Init                              0x08000b95   Thumb Code   142  global_control.o(i.Global_Init)
    Global_Loop                              0x08000c41   Thumb Code     4  global_control.o(i.Global_Loop)
    HAL_ADCEx_Calibration_Start              0x08000c45   Thumb Code   138  stm32g4xx_hal_adc_ex.o(i.HAL_ADCEx_Calibration_Start)
    HAL_ADCEx_EndOfSamplingCallback          0x08000cd9   Thumb Code     2  stm32g4xx_hal_adc_ex.o(i.HAL_ADCEx_EndOfSamplingCallback)
    HAL_ADCEx_InjectedConfigChannel          0x08000cdd   Thumb Code  1254  stm32g4xx_hal_adc_ex.o(i.HAL_ADCEx_InjectedConfigChannel)
    HAL_ADCEx_InjectedConvCpltCallback       0x080011ed   Thumb Code    70  global_control.o(i.HAL_ADCEx_InjectedConvCpltCallback)
    HAL_ADCEx_InjectedQueueOverflowCallback  0x0800123d   Thumb Code     2  stm32g4xx_hal_adc_ex.o(i.HAL_ADCEx_InjectedQueueOverflowCallback)
    HAL_ADCEx_InjectedStart_IT               0x08001241   Thumb Code   282  stm32g4xx_hal_adc_ex.o(i.HAL_ADCEx_InjectedStart_IT)
    HAL_ADCEx_LevelOutOfWindow2Callback      0x08001369   Thumb Code     2  stm32g4xx_hal_adc_ex.o(i.HAL_ADCEx_LevelOutOfWindow2Callback)
    HAL_ADCEx_LevelOutOfWindow3Callback      0x0800136b   Thumb Code     2  stm32g4xx_hal_adc_ex.o(i.HAL_ADCEx_LevelOutOfWindow3Callback)
    HAL_ADC_ConfigChannel                    0x0800136d   Thumb Code   998  stm32g4xx_hal_adc.o(i.HAL_ADC_ConfigChannel)
    HAL_ADC_ConvCpltCallback                 0x08001789   Thumb Code     2  stm32g4xx_hal_adc.o(i.HAL_ADC_ConvCpltCallback)
    HAL_ADC_ConvHalfCpltCallback             0x0800178b   Thumb Code     2  stm32g4xx_hal_adc.o(i.HAL_ADC_ConvHalfCpltCallback)
    HAL_ADC_ErrorCallback                    0x0800178d   Thumb Code     2  stm32g4xx_hal_adc.o(i.HAL_ADC_ErrorCallback)
    HAL_ADC_IRQHandler                       0x08001791   Thumb Code   612  stm32g4xx_hal_adc.o(i.HAL_ADC_IRQHandler)
    HAL_ADC_Init                             0x080019fd   Thumb Code   462  stm32g4xx_hal_adc.o(i.HAL_ADC_Init)
    HAL_ADC_LevelOutOfWindowCallback         0x08001bed   Thumb Code     2  stm32g4xx_hal_adc.o(i.HAL_ADC_LevelOutOfWindowCallback)
    HAL_ADC_MspInit                          0x08001bf1   Thumb Code   234  stm32g4xx_hal_msp.o(i.HAL_ADC_MspInit)
    HAL_ADC_Start_DMA                        0x08001cf5   Thumb Code   214  stm32g4xx_hal_adc.o(i.HAL_ADC_Start_DMA)
    HAL_DMA_Abort                            0x08001de5   Thumb Code   106  stm32g4xx_hal_dma.o(i.HAL_DMA_Abort)
    HAL_DMA_Abort_IT                         0x08001e4f   Thumb Code   120  stm32g4xx_hal_dma.o(i.HAL_DMA_Abort_IT)
    HAL_DMA_IRQHandler                       0x08001ec7   Thumb Code   186  stm32g4xx_hal_dma.o(i.HAL_DMA_IRQHandler)
    HAL_DMA_Init                             0x08001f81   Thumb Code   178  stm32g4xx_hal_dma.o(i.HAL_DMA_Init)
    HAL_DMA_Start_IT                         0x08002041   Thumb Code   140  stm32g4xx_hal_dma.o(i.HAL_DMA_Start_IT)
    HAL_Delay                                0x080020cd   Thumb Code    32  stm32g4xx_hal.o(i.HAL_Delay)
    HAL_GPIO_Init                            0x080020f1   Thumb Code   400  stm32g4xx_hal_gpio.o(i.HAL_GPIO_Init)
    HAL_GPIO_ReadPin                         0x080022a1   Thumb Code    10  stm32g4xx_hal_gpio.o(i.HAL_GPIO_ReadPin)
    HAL_GPIO_TogglePin                       0x080022ab   Thumb Code    16  stm32g4xx_hal_gpio.o(i.HAL_GPIO_TogglePin)
    HAL_GPIO_WritePin                        0x080022bb   Thumb Code    10  stm32g4xx_hal_gpio.o(i.HAL_GPIO_WritePin)
    HAL_GetTick                              0x080022c5   Thumb Code     6  stm32g4xx_hal.o(i.HAL_GetTick)
    HAL_IncTick                              0x080022d1   Thumb Code    12  stm32g4xx_hal.o(i.HAL_IncTick)
    HAL_Init                                 0x080022e1   Thumb Code    30  stm32g4xx_hal.o(i.HAL_Init)
    HAL_InitTick                             0x08002301   Thumb Code    58  stm32g4xx_hal.o(i.HAL_InitTick)
    HAL_MspInit                              0x08002345   Thumb Code    42  stm32g4xx_hal_msp.o(i.HAL_MspInit)
    HAL_NVIC_EnableIRQ                       0x08002375   Thumb Code    26  stm32g4xx_hal_cortex.o(i.HAL_NVIC_EnableIRQ)
    HAL_NVIC_SetPriority                     0x08002391   Thumb Code    60  stm32g4xx_hal_cortex.o(i.HAL_NVIC_SetPriority)
    HAL_NVIC_SetPriorityGrouping             0x080023d1   Thumb Code    26  stm32g4xx_hal_cortex.o(i.HAL_NVIC_SetPriorityGrouping)
    HAL_PWREx_ControlVoltageScaling          0x080023f5   Thumb Code   174  stm32g4xx_hal_pwr_ex.o(i.HAL_PWREx_ControlVoltageScaling)
    HAL_PWREx_DisableUCPDDeadBattery         0x080024b1   Thumb Code    12  stm32g4xx_hal_pwr_ex.o(i.HAL_PWREx_DisableUCPDDeadBattery)
    HAL_RCCEx_PeriphCLKConfig                0x080024c1   Thumb Code   660  stm32g4xx_hal_rcc_ex.o(i.HAL_RCCEx_PeriphCLKConfig)
    HAL_RCC_ClockConfig                      0x0800275d   Thumb Code   430  stm32g4xx_hal_rcc.o(i.HAL_RCC_ClockConfig)
    HAL_RCC_GetPCLK1Freq                     0x08002929   Thumb Code    24  stm32g4xx_hal_rcc.o(i.HAL_RCC_GetPCLK1Freq)
    HAL_RCC_GetPCLK2Freq                     0x0800294d   Thumb Code    24  stm32g4xx_hal_rcc.o(i.HAL_RCC_GetPCLK2Freq)
    HAL_RCC_GetSysClockFreq                  0x08002971   Thumb Code    80  stm32g4xx_hal_rcc.o(i.HAL_RCC_GetSysClockFreq)
    HAL_RCC_OscConfig                        0x080029c9   Thumb Code   992  stm32g4xx_hal_rcc.o(i.HAL_RCC_OscConfig)
    HAL_SPI_Init                             0x08002dbd   Thumb Code   234  stm32g4xx_hal_spi.o(i.HAL_SPI_Init)
    HAL_SPI_MspInit                          0x08002ea9   Thumb Code    90  stm32g4xx_hal_msp.o(i.HAL_SPI_MspInit)
    HAL_SPI_Transmit                         0x08002f11   Thumb Code   394  stm32g4xx_hal_spi.o(i.HAL_SPI_Transmit)
    HAL_SYSTICK_Config                       0x0800309b   Thumb Code    40  stm32g4xx_hal_cortex.o(i.HAL_SYSTICK_Config)
    HAL_TIMEx_Break2Callback                 0x080030c3   Thumb Code     2  stm32g4xx_hal_tim_ex.o(i.HAL_TIMEx_Break2Callback)
    HAL_TIMEx_BreakCallback                  0x080030c5   Thumb Code     2  stm32g4xx_hal_tim_ex.o(i.HAL_TIMEx_BreakCallback)
    HAL_TIMEx_CommutCallback                 0x080030c7   Thumb Code     2  stm32g4xx_hal_tim_ex.o(i.HAL_TIMEx_CommutCallback)
    HAL_TIMEx_ConfigBreakDeadTime            0x080030c9   Thumb Code   148  stm32g4xx_hal_tim_ex.o(i.HAL_TIMEx_ConfigBreakDeadTime)
    HAL_TIMEx_DirectionChangeCallback        0x08003165   Thumb Code     2  stm32g4xx_hal_tim_ex.o(i.HAL_TIMEx_DirectionChangeCallback)
    HAL_TIMEx_EncoderIndexCallback           0x08003167   Thumb Code     2  stm32g4xx_hal_tim_ex.o(i.HAL_TIMEx_EncoderIndexCallback)
    HAL_TIMEx_IndexErrorCallback             0x08003169   Thumb Code     2  stm32g4xx_hal_tim_ex.o(i.HAL_TIMEx_IndexErrorCallback)
    HAL_TIMEx_MasterConfigSynchronization    0x0800316d   Thumb Code   132  stm32g4xx_hal_tim_ex.o(i.HAL_TIMEx_MasterConfigSynchronization)
    HAL_TIMEx_TransitionErrorCallback        0x08003209   Thumb Code     2  stm32g4xx_hal_tim_ex.o(i.HAL_TIMEx_TransitionErrorCallback)
    HAL_TIM_Base_Init                        0x0800320b   Thumb Code    98  stm32g4xx_hal_tim.o(i.HAL_TIM_Base_Init)
    HAL_TIM_Base_MspInit                     0x0800326d   Thumb Code   108  stm32g4xx_hal_msp.o(i.HAL_TIM_Base_MspInit)
    HAL_TIM_Base_Start                       0x080032e5   Thumb Code    84  stm32g4xx_hal_tim.o(i.HAL_TIM_Base_Start)
    HAL_TIM_Base_Start_IT                    0x08003351   Thumb Code    94  stm32g4xx_hal_tim.o(i.HAL_TIM_Base_Start_IT)
    HAL_TIM_ConfigClockSource                0x080033c9   Thumb Code   246  stm32g4xx_hal_tim.o(i.HAL_TIM_ConfigClockSource)
    HAL_TIM_Encoder_Init                     0x080034c9   Thumb Code   162  stm32g4xx_hal_tim.o(i.HAL_TIM_Encoder_Init)
    HAL_TIM_Encoder_MspInit                  0x08003571   Thumb Code    84  stm32g4xx_hal_msp.o(i.HAL_TIM_Encoder_MspInit)
    HAL_TIM_Encoder_Start                    0x080035d1   Thumb Code   146  stm32g4xx_hal_tim.o(i.HAL_TIM_Encoder_Start)
    HAL_TIM_IC_CaptureCallback               0x08003663   Thumb Code     2  stm32g4xx_hal_tim.o(i.HAL_TIM_IC_CaptureCallback)
    HAL_TIM_IRQHandler                       0x08003665   Thumb Code   418  stm32g4xx_hal_tim.o(i.HAL_TIM_IRQHandler)
    HAL_TIM_MspPostInit                      0x08003809   Thumb Code    70  stm32g4xx_hal_msp.o(i.HAL_TIM_MspPostInit)
    HAL_TIM_OC_DelayElapsedCallback          0x0800385d   Thumb Code     2  stm32g4xx_hal_tim.o(i.HAL_TIM_OC_DelayElapsedCallback)
    HAL_TIM_PWM_ConfigChannel                0x0800385f   Thumb Code   292  stm32g4xx_hal_tim.o(i.HAL_TIM_PWM_ConfigChannel)
    HAL_TIM_PWM_Init                         0x08003983   Thumb Code    98  stm32g4xx_hal_tim.o(i.HAL_TIM_PWM_Init)
    HAL_TIM_PWM_MspInit                      0x080039e5   Thumb Code     2  stm32g4xx_hal_tim.o(i.HAL_TIM_PWM_MspInit)
    HAL_TIM_PWM_PulseFinishedCallback        0x080039e7   Thumb Code     2  stm32g4xx_hal_tim.o(i.HAL_TIM_PWM_PulseFinishedCallback)
    HAL_TIM_PWM_Start                        0x080039e9   Thumb Code   230  stm32g4xx_hal_tim.o(i.HAL_TIM_PWM_Start)
    HAL_TIM_PeriodElapsedCallback            0x08003af1   Thumb Code    80  global_control.o(i.HAL_TIM_PeriodElapsedCallback)
    HAL_TIM_TriggerCallback                  0x08003b5d   Thumb Code     2  stm32g4xx_hal_tim.o(i.HAL_TIM_TriggerCallback)
    HAL_UARTEx_DisableFifoMode               0x08003b5f   Thumb Code    62  stm32g4xx_hal_uart_ex.o(i.HAL_UARTEx_DisableFifoMode)
    HAL_UARTEx_RxEventCallback               0x08003b9d   Thumb Code     2  stm32g4xx_hal_uart.o(i.HAL_UARTEx_RxEventCallback)
    HAL_UARTEx_RxFifoFullCallback            0x08003b9f   Thumb Code     2  stm32g4xx_hal_uart_ex.o(i.HAL_UARTEx_RxFifoFullCallback)
    HAL_UARTEx_SetRxFifoThreshold            0x08003ba1   Thumb Code    76  stm32g4xx_hal_uart_ex.o(i.HAL_UARTEx_SetRxFifoThreshold)
    HAL_UARTEx_SetTxFifoThreshold            0x08003bed   Thumb Code    76  stm32g4xx_hal_uart_ex.o(i.HAL_UARTEx_SetTxFifoThreshold)
    HAL_UARTEx_TxFifoEmptyCallback           0x08003c39   Thumb Code     2  stm32g4xx_hal_uart_ex.o(i.HAL_UARTEx_TxFifoEmptyCallback)
    HAL_UARTEx_WakeupCallback                0x08003c3b   Thumb Code     2  stm32g4xx_hal_uart_ex.o(i.HAL_UARTEx_WakeupCallback)
    HAL_UART_ErrorCallback                   0x08003c3d   Thumb Code     2  stm32g4xx_hal_uart.o(i.HAL_UART_ErrorCallback)
    HAL_UART_IRQHandler                      0x08003c41   Thumb Code   782  stm32g4xx_hal_uart.o(i.HAL_UART_IRQHandler)
    HAL_UART_Init                            0x08003f5d   Thumb Code   106  stm32g4xx_hal_uart.o(i.HAL_UART_Init)
    HAL_UART_MspInit                         0x08003fc9   Thumb Code   174  stm32g4xx_hal_msp.o(i.HAL_UART_MspInit)
    HAL_UART_Transmit_DMA                    0x0800408d   Thumb Code   132  stm32g4xx_hal_uart.o(i.HAL_UART_Transmit_DMA)
    HAL_UART_TxCpltCallback                  0x0800411d   Thumb Code     2  stm32g4xx_hal_uart.o(i.HAL_UART_TxCpltCallback)
    HAL_UART_TxHalfCpltCallback              0x0800411f   Thumb Code     2  stm32g4xx_hal_uart.o(i.HAL_UART_TxHalfCpltCallback)
    HFI_Calculate                            0x08004121   Thumb Code   372  observer_drv.o(i.HFI_Calculate)
    HardFault_Handler                        0x08004299   Thumb Code     2  stm32g4xx_it.o(i.HardFault_Handler)
    Hfi_Current_Close_Loop                   0x0800429d   Thumb Code   274  motor_sensorless.o(i.Hfi_Current_Close_Loop)
    Hfi_Smo_Speed_Current_Loop               0x080043c9   Thumb Code   658  motor_sensorless.o(i.Hfi_Smo_Speed_Current_Loop)
    Hfi_Speed_Current_Loop                   0x0800467d   Thumb Code   422  motor_sensorless.o(i.Hfi_Speed_Current_Loop)
    Hfi_TO_Obsever_Cal                       0x08004851   Thumb Code   568  motor_sensorless.o(i.Hfi_TO_Obsever_Cal)
    IPark_Transform                          0x08004aa1   Thumb Code    42  foc_drv.o(i.IPark_Transform)
    Key_Process                              0x08004acd   Thumb Code   140  key_drv.o(i.Key_Process)
    Key_Scan                                 0x08004b5d   Thumb Code    36  key_drv.o(i.Key_Scan)
    Key_Task                                 0x08004b8d   Thumb Code    38  key_task.o(i.Key_Task)
    LCD_Address_Set                          0x08004bb9   Thumb Code    62  lcd_drv.o(i.LCD_Address_Set)
    LCD_Clear                                0x08004bf7   Thumb Code    18  lcd_mid.o(i.LCD_Clear)
    LCD_Display_Logo                         0x08004c09   Thumb Code    46  lcd_mid.o(i.LCD_Display_Logo)
    LCD_Display_Page1                        0x08004c3d   Thumb Code   952  lcd_mid.o(i.LCD_Display_Page1)
    LCD_Display_Page2                        0x080050d9   Thumb Code   250  lcd_mid.o(i.LCD_Display_Page2)
    LCD_DrawLine                             0x08005241   Thumb Code   152  lcd_drv.o(i.LCD_DrawLine)
    LCD_DrawPoint                            0x080052d9   Thumb Code    28  lcd_drv.o(i.LCD_DrawPoint)
    LCD_Fill                                 0x080052f5   Thumb Code    78  lcd_drv.o(i.LCD_Fill)
    LCD_Init                                 0x08005389   Thumb Code   514  lcd_drv.o(i.LCD_Init)
    LCD_ShowChar                             0x080055c1   Thumb Code   282  lcd_drv.o(i.LCD_ShowChar)
    LCD_ShowChinese                          0x080056ed   Thumb Code   134  lcd_drv.o(i.LCD_ShowChinese)
    LCD_ShowChinese12x12                     0x08005775   Thumb Code   262  lcd_drv.o(i.LCD_ShowChinese12x12)
    LCD_ShowChinese16x16                     0x08005881   Thumb Code   258  lcd_drv.o(i.LCD_ShowChinese16x16)
    LCD_ShowChinese24x24                     0x08005989   Thumb Code   262  lcd_drv.o(i.LCD_ShowChinese24x24)
    LCD_ShowChinese32x32                     0x08005a95   Thumb Code   258  lcd_drv.o(i.LCD_ShowChinese32x32)
    LCD_ShowFloatNum1                        0x08005b9d   Thumb Code   154  lcd_drv.o(i.LCD_ShowFloatNum1)
    LCD_ShowIntNum                           0x08005c3d   Thumb Code   126  lcd_drv.o(i.LCD_ShowIntNum)
    LCD_ShowPicture                          0x08005cbb   Thumb Code    84  lcd_drv.o(i.LCD_ShowPicture)
    LCD_ShowString                           0x08005d0f   Thumb Code    58  lcd_drv.o(i.LCD_ShowString)
    LCD_WR_DATA                              0x08005d49   Thumb Code    20  lcd_drv.o(i.LCD_WR_DATA)
    LCD_WR_REG                               0x08005d5d   Thumb Code    36  lcd_drv.o(i.LCD_WR_REG)
    Lcd_Task                                 0x08005e5d   Thumb Code   280  lcd_task.o(i.Lcd_Task)
    Led_Task                                 0x08005f95   Thumb Code    46  led_task.o(i.Led_Task)
    MemManage_Handler                        0x080064bd   Thumb Code     2  stm32g4xx_it.o(i.MemManage_Handler)
    Motor_Identify                           0x080064c1   Thumb Code   724  motor_identify.o(i.Motor_Identify)
    Motor_Struct_Init                        0x080067bd   Thumb Code   620  motor_publicdata.o(i.Motor_Struct_Init)
    Motor_System_Init                        0x08006a91   Thumb Code     4  motor_system.o(i.Motor_System_Init)
    Motor_System_Run                         0x08006a95   Thumb Code   298  motor_system.o(i.Motor_System_Run)
    NMI_Handler                              0x08006be1   Thumb Code     2  stm32g4xx_it.o(i.NMI_Handler)
    PID_Control                              0x08006be3   Thumb Code   136  pid_drv.o(i.PID_Control)
    PLL_Calculate                            0x08006c6d   Thumb Code   176  observer_drv.o(i.PLL_Calculate)
    Park_Transform                           0x08006d25   Thumb Code    42  foc_drv.o(i.Park_Transform)
    PendSV_Handler                           0x08006d4f   Thumb Code     2  stm32g4xx_it.o(i.PendSV_Handler)
    Pos_Speed_Current_Loop                   0x08006d51   Thumb Code   356  motor_sensoruse.o(i.Pos_Speed_Current_Loop)
    SMO_Calculate                            0x08006ec9   Thumb Code   222  observer_drv.o(i.SMO_Calculate)
    SVC_Handler                              0x08007189   Thumb Code     2  stm32g4xx_it.o(i.SVC_Handler)
    Sensorless_Control                       0x080071ad   Thumb Code    48  motor_sensorless.o(i.Sensorless_Control)
    Sensoruse_Control                        0x080071e1   Thumb Code    70  motor_sensoruse.o(i.Sensoruse_Control)
    Speed_Current_Loop                       0x0800722d   Thumb Code   272  motor_sensoruse.o(i.Speed_Current_Loop)
    Strong_Drag_Current_Close_Loop           0x0800734d   Thumb Code   218  motor_sensorless.o(i.Strong_Drag_Current_Close_Loop)
    Strong_Drag_Current_Open_Loop            0x0800742d   Thumb Code    78  motor_sensorless.o(i.Strong_Drag_Current_Open_Loop)
    Strong_Drag_Smo_Speed_Current_Loop       0x08007481   Thumb Code   674  motor_sensorless.o(i.Strong_Drag_Smo_Speed_Current_Loop)
    Strong_Drag_To_Observer_Cal              0x08007741   Thumb Code   572  motor_sensorless.o(i.Strong_Drag_To_Observer_Cal)
    SysTick_Handler                          0x080079a1   Thumb Code     4  stm32g4xx_it.o(i.SysTick_Handler)
    SystemClock_Config                       0x080079a5   Thumb Code   102  main.o(i.SystemClock_Config)
    SystemInit                               0x08007a0d   Thumb Code    12  system_stm32g4xx.o(i.SystemInit)
    TIM1_UP_TIM16_IRQHandler                 0x08007a1d   Thumb Code     6  stm32g4xx_it.o(i.TIM1_UP_TIM16_IRQHandler)
    TIM2_IRQHandler                          0x08007a29   Thumb Code     6  stm32g4xx_it.o(i.TIM2_IRQHandler)
    TIM_Base_SetConfig                       0x08007a35   Thumb Code   160  stm32g4xx_hal_tim.o(i.TIM_Base_SetConfig)
    TIM_CCxChannelCmd                        0x08007af1   Thumb Code    26  stm32g4xx_hal_tim.o(i.TIM_CCxChannelCmd)
    TIM_ETR_SetConfig                        0x08007b0b   Thumb Code    20  stm32g4xx_hal_tim.o(i.TIM_ETR_SetConfig)
    TIM_OC2_SetConfig                        0x08007bd1   Thumb Code   120  stm32g4xx_hal_tim.o(i.TIM_OC2_SetConfig)
    T_Shaped_Acc_Dec                         0x08007ea9   Thumb Code   208  speed_drv.o(i.T_Shaped_Acc_Dec)
    Target_Set                               0x08007f7d   Thumb Code   140  global_control.o(i.Target_Set)
    UART_AdvFeatureConfig                    0x08008065   Thumb Code   200  stm32g4xx_hal_uart.o(i.UART_AdvFeatureConfig)
    UART_CheckIdleState                      0x0800812d   Thumb Code   172  stm32g4xx_hal_uart.o(i.UART_CheckIdleState)
    UART_SetConfig                           0x08008309   Thumb Code   580  stm32g4xx_hal_uart.o(i.UART_SetConfig)
    UART_WaitOnFlagUntilTimeout              0x08008579   Thumb Code   146  stm32g4xx_hal_uart.o(i.UART_WaitOnFlagUntilTimeout)
    USART1_IRQHandler                        0x0800860d   Thumb Code     6  stm32g4xx_it.o(i.USART1_IRQHandler)
    UsageFault_Handler                       0x08008619   Thumb Code     2  stm32g4xx_it.o(i.UsageFault_Handler)
    Usart_Task                               0x0800861d   Thumb Code   120  usart_task.o(i.Usart_Task)
    __scatterload_copy                       0x080086c9   Thumb Code    14  handlers.o(i.__scatterload_copy)
    __scatterload_null                       0x080086d7   Thumb Code     2  handlers.o(i.__scatterload_null)
    __scatterload_zeroinit                   0x080086d9   Thumb Code    14  handlers.o(i.__scatterload_zeroinit)
    main                                     0x080086e9   Thumb Code   168  main.o(i.main)
    mypow                                    0x0800879d   Thumb Code    16  lcd_drv.o(i.mypow)
    UARTPrescTable                           0x080087ac   Data          24  stm32g4xx_hal_uart.o(.constdata)
    AHBPrescTable                            0x080087d4   Data          16  system_stm32g4xx.o(.constdata)
    APBPrescTable                            0x080087e4   Data           8  system_stm32g4xx.o(.constdata)
    ascii_1206                               0x080087ec   Data        1140  lcd_drv.o(.constdata)
    ascii_1608                               0x08008c60   Data        1520  lcd_drv.o(.constdata)
    ascii_2412                               0x08009250   Data        4560  lcd_drv.o(.constdata)
    ascii_3216                               0x0800a420   Data        6080  lcd_drv.o(.constdata)
    tfont12                                  0x0800bbe0   Data         572  lcd_drv.o(.constdata)
    tfont16                                  0x0800be1c   Data        1496  lcd_drv.o(.constdata)
    tfont24                                  0x0800c3f4   Data         296  lcd_drv.o(.constdata)
    tfont32                                  0x0800c51c   Data         650  lcd_drv.o(.constdata)
    gImage_hs_logo                           0x0800c7a6   Data        8052  lcd_drv.o(.constdata)
    Sin_Cos_Table                            0x0800e71c   Data        4096  math_drv.o(.constdata)
    Region$$Table$$Base                      0x0800f71c   Number         0  anon$$obj.o(Region$$Table)
    Region$$Table$$Limit                     0x0800f73c   Number         0  anon$$obj.o(Region$$Table)
    uwTickPrio                               0x20000000   Data           4  stm32g4xx_hal.o(.data)
    uwTickFreq                               0x20000004   Data           4  stm32g4xx_hal.o(.data)
    uwTick                                   0x20000008   Data           4  stm32g4xx_hal.o(.data)
    SystemCoreClock                          0x2000000c   Data           4  system_stm32g4xx.o(.data)
    LedTaskId                                0x20000010   Data           2  led_task.o(.data)
    LedTaskTim                               0x20000012   Data           2  led_task.o(.data)
    YCursor                                  0x20000016   Data           1  lcd_mid.o(.data)
    YCursorLast                              0x20000017   Data           1  lcd_mid.o(.data)
    InitPage1                                0x20000018   Data           1  lcd_mid.o(.data)
    InitPage2                                0x20000019   Data           1  lcd_mid.o(.data)
    LcdTaskId                                0x2000001a   Data           2  lcd_task.o(.data)
    LcdTaskTim                               0x2000001c   Data           2  lcd_task.o(.data)
    KeyNum                                   0x2000001e   Data           1  key_drv.o(.data)
    button                                   0x20000020   Data           8  key_drv.o(.data)
    KeyTaskId                                0x20000028   Data           2  key_task.o(.data)
    KeyTaskTim                               0x2000002a   Data           2  key_task.o(.data)
    UsartTaskId                              0x2000002c   Data           2  usart_task.o(.data)
    UsartTaskTim                             0x2000002e   Data           2  usart_task.o(.data)
    Speed_Set_Dir                            0x20000030   Data           1  motor_publicdata.o(.data)
    hadc2                                    0x20000034   Data         108  main.o(.bss)
    hspi3                                    0x200000a0   Data         100  main.o(.bss)
    htim1                                    0x20000104   Data          76  main.o(.bss)
    htim2                                    0x20000150   Data          76  main.o(.bss)
    htim3                                    0x2000019c   Data          76  main.o(.bss)
    htim6                                    0x200001e8   Data          76  main.o(.bss)
    huart1                                   0x20000234   Data         148  main.o(.bss)
    hdma_adc2                                0x200002c8   Data          96  main.o(.bss)
    hdma_usart1_tx                           0x20000328   Data          96  main.o(.bss)
    TxData                                   0x20000488   Data          16  usart_task.o(.bss)
    MC                                       0x20000498   Data        1088  motor_publicdata.o(.bss)
    __initial_sp                             0x20000cd8   Data           0  startup_stm32g431xx.o(STACK)



==============================================================================

Memory Map of the image

  Image Entry point : 0x080001d9

  Load Region LR_IROM1 (Base: 0x08000000, Size: 0x0000f770, Max: 0x00020000, ABSOLUTE)

    Execution Region ER_IROM1 (Exec base: 0x08000000, Load base: 0x08000000, Size: 0x0000f73c, Max: 0x00020000, ABSOLUTE)

    Exec Addr    Load Addr    Size         Type   Attr      Idx    E Section Name        Object

    0x08000000   0x08000000   0x000001d8   Data   RO            3    RESET               startup_stm32g431xx.o
    0x080001d8   0x080001d8   0x00000000   Code   RO         5471  * .ARM.Collect$$$$00000000  mc_w.l(entry.o)
    0x080001d8   0x080001d8   0x00000004   Code   RO         5478    .ARM.Collect$$$$00000001  mc_w.l(entry2.o)
    0x080001dc   0x080001dc   0x00000004   Code   RO         5481    .ARM.Collect$$$$00000004  mc_w.l(entry5.o)
    0x080001e0   0x080001e0   0x00000000   Code   RO         5483    .ARM.Collect$$$$00000008  mc_w.l(entry7b.o)
    0x080001e0   0x080001e0   0x00000000   Code   RO         5485    .ARM.Collect$$$$0000000A  mc_w.l(entry8b.o)
    0x080001e0   0x080001e0   0x00000008   Code   RO         5486    .ARM.Collect$$$$0000000B  mc_w.l(entry9a.o)
    0x080001e8   0x080001e8   0x00000000   Code   RO         5488    .ARM.Collect$$$$0000000D  mc_w.l(entry10a.o)
    0x080001e8   0x080001e8   0x00000000   Code   RO         5490    .ARM.Collect$$$$0000000F  mc_w.l(entry11a.o)
    0x080001e8   0x080001e8   0x00000004   Code   RO         5479    .ARM.Collect$$$$00002712  mc_w.l(entry2.o)
    0x080001ec   0x080001ec   0x00000024   Code   RO            4    .text               startup_stm32g431xx.o
    0x08000210   0x08000210   0x00000062   Code   RO         5474    .text               mc_w.l(uldiv.o)
    0x08000272   0x08000272   0x00000024   Code   RO         5476    .text               mc_w.l(memseta.o)
    0x08000296   0x08000296   0x0000001e   Code   RO         5492    .text               mc_w.l(llshl.o)
    0x080002b4   0x080002b4   0x00000020   Code   RO         5494    .text               mc_w.l(llushr.o)
    0x080002d4   0x080002d4   0x00000024   Code   RO         5496    .text               mc_w.l(init.o)
    0x080002f8   0x080002f8   0x0000000c   Code   RO          213    i.ADC1_2_IRQHandler  stm32g4xx_it.o
    0x08000304   0x08000304   0x00000068   Code   RO          421    i.ADC_DMAConvCplt   stm32g4xx_hal_adc.o
    0x0800036c   0x0800036c   0x0000001a   Code   RO          422    i.ADC_DMAError      stm32g4xx_hal_adc.o
    0x08000386   0x08000386   0x0000000a   Code   RO          423    i.ADC_DMAHalfConvCplt  stm32g4xx_hal_adc.o
    0x08000390   0x08000390   0x00000070   Code   RO          424    i.ADC_Disable       stm32g4xx_hal_adc.o
    0x08000400   0x08000400   0x000000ac   Code   RO          425    i.ADC_Enable        stm32g4xx_hal_adc.o
    0x080004ac   0x080004ac   0x00000028   Code   RO         5297    i.Amplitude_Limit   math_drv.o
    0x080004d4   0x080004d4   0x00000002   Code   RO          214    i.BusFault_Handler  stm32g4xx_it.o
    0x080004d6   0x080004d6   0x00000066   Code   RO         5201    i.Calculate_Adc_Offset  sample_drv.o
    0x0800053c   0x0800053c   0x00000022   Code   RO         5202    i.Calculate_Bus_Voltage  sample_drv.o
    0x0800055e   0x0800055e   0x0000003e   Code   RO         5237    i.Calculate_Encoder_Data  eangle_drv.o
    0x0800059c   0x0800059c   0x00000046   Code   RO         5203    i.Calculate_Phase_Current  sample_drv.o
    0x080005e2   0x080005e2   0x00000060   Code   RO         5177    i.Calculate_Position  position_drv.o
    0x08000642   0x08000642   0x00000002   PAD
    0x08000644   0x08000644   0x000001fc   Code   RO         5330    i.Calculate_SVPWM   foc_drv.o
    0x08000840   0x08000840   0x000000d4   Code   RO         5298    i.Calculate_Sin_Cos  math_drv.o
    0x08000914   0x08000914   0x00000074   Code   RO         5267    i.Calculate_Speed   speed_drv.o
    0x08000988   0x08000988   0x0000002c   Code   RO         5331    i.Clark_Transform   foc_drv.o
    0x080009b4   0x080009b4   0x000000a4   Code   RO         4971    i.Current_Close_Loop  motor_sensoruse.o
    0x08000a58   0x08000a58   0x00000024   Code   RO         4972    i.Current_Open_Loop  motor_sensoruse.o
    0x08000a7c   0x08000a7c   0x0000000c   Code   RO          215    i.DMA1_Channel1_IRQHandler  stm32g4xx_it.o
    0x08000a88   0x08000a88   0x0000000c   Code   RO          216    i.DMA1_Channel2_IRQHandler  stm32g4xx_it.o
    0x08000a94   0x08000a94   0x00000040   Code   RO         1728    i.DMA_CalcDMAMUXChannelBaseAndMask  stm32g4xx_hal_dma.o
    0x08000ad4   0x08000ad4   0x00000024   Code   RO         1729    i.DMA_CalcDMAMUXRequestGenBaseAndMask  stm32g4xx_hal_dma.o
    0x08000af8   0x08000af8   0x0000003e   Code   RO         1730    i.DMA_SetConfig     stm32g4xx_hal_dma.o
    0x08000b36   0x08000b36   0x00000002   Code   RO          217    i.DebugMon_Handler  stm32g4xx_it.o
    0x08000b38   0x08000b38   0x0000004c   Code   RO         5238    i.Electrical_Angle_Generator  eangle_drv.o
    0x08000b84   0x08000b84   0x0000000c   Code   RO         5402    i.Encoder_Data_Get  global_control.o
    0x08000b90   0x08000b90   0x00000004   Code   RO           13    i.Error_Handler     main.o
    0x08000b94   0x08000b94   0x000000ac   Code   RO         5403    i.Global_Init       global_control.o
    0x08000c40   0x08000c40   0x00000004   Code   RO         5404    i.Global_Loop       global_control.o
    0x08000c44   0x08000c44   0x00000094   Code   RO          663    i.HAL_ADCEx_Calibration_Start  stm32g4xx_hal_adc_ex.o
    0x08000cd8   0x08000cd8   0x00000002   Code   RO          667    i.HAL_ADCEx_EndOfSamplingCallback  stm32g4xx_hal_adc_ex.o
    0x08000cda   0x08000cda   0x00000002   PAD
    0x08000cdc   0x08000cdc   0x00000510   Code   RO          669    i.HAL_ADCEx_InjectedConfigChannel  stm32g4xx_hal_adc_ex.o
    0x080011ec   0x080011ec   0x00000050   Code   RO         5405    i.HAL_ADCEx_InjectedConvCpltCallback  global_control.o
    0x0800123c   0x0800123c   0x00000002   Code   RO          673    i.HAL_ADCEx_InjectedQueueOverflowCallback  stm32g4xx_hal_adc_ex.o
    0x0800123e   0x0800123e   0x00000002   PAD
    0x08001240   0x08001240   0x00000128   Code   RO          675    i.HAL_ADCEx_InjectedStart_IT  stm32g4xx_hal_adc_ex.o
    0x08001368   0x08001368   0x00000002   Code   RO          678    i.HAL_ADCEx_LevelOutOfWindow2Callback  stm32g4xx_hal_adc_ex.o
    0x0800136a   0x0800136a   0x00000002   Code   RO          679    i.HAL_ADCEx_LevelOutOfWindow3Callback  stm32g4xx_hal_adc_ex.o
    0x0800136c   0x0800136c   0x0000041c   Code   RO          427    i.HAL_ADC_ConfigChannel  stm32g4xx_hal_adc.o
    0x08001788   0x08001788   0x00000002   Code   RO          428    i.HAL_ADC_ConvCpltCallback  stm32g4xx_hal_adc.o
    0x0800178a   0x0800178a   0x00000002   Code   RO          429    i.HAL_ADC_ConvHalfCpltCallback  stm32g4xx_hal_adc.o
    0x0800178c   0x0800178c   0x00000002   Code   RO          431    i.HAL_ADC_ErrorCallback  stm32g4xx_hal_adc.o
    0x0800178e   0x0800178e   0x00000002   PAD
    0x08001790   0x08001790   0x0000026c   Code   RO          435    i.HAL_ADC_IRQHandler  stm32g4xx_hal_adc.o
    0x080019fc   0x080019fc   0x000001f0   Code   RO          436    i.HAL_ADC_Init      stm32g4xx_hal_adc.o
    0x08001bec   0x08001bec   0x00000002   Code   RO          437    i.HAL_ADC_LevelOutOfWindowCallback  stm32g4xx_hal_adc.o
    0x08001bee   0x08001bee   0x00000002   PAD
    0x08001bf0   0x08001bf0   0x00000104   Code   RO          330    i.HAL_ADC_MspInit   stm32g4xx_hal_msp.o
    0x08001cf4   0x08001cf4   0x000000f0   Code   RO          444    i.HAL_ADC_Start_DMA  stm32g4xx_hal_adc.o
    0x08001de4   0x08001de4   0x0000006a   Code   RO         1731    i.HAL_DMA_Abort     stm32g4xx_hal_dma.o
    0x08001e4e   0x08001e4e   0x00000078   Code   RO         1732    i.HAL_DMA_Abort_IT  stm32g4xx_hal_dma.o
    0x08001ec6   0x08001ec6   0x000000ba   Code   RO         1736    i.HAL_DMA_IRQHandler  stm32g4xx_hal_dma.o
    0x08001f80   0x08001f80   0x000000c0   Code   RO         1737    i.HAL_DMA_Init      stm32g4xx_hal_dma.o
    0x08002040   0x08002040   0x0000008c   Code   RO         1741    i.HAL_DMA_Start_IT  stm32g4xx_hal_dma.o
    0x080020cc   0x080020cc   0x00000024   Code   RO          884    i.HAL_Delay         stm32g4xx_hal.o
    0x080020f0   0x080020f0   0x000001b0   Code   RO         1593    i.HAL_GPIO_Init     stm32g4xx_hal_gpio.o
    0x080022a0   0x080022a0   0x0000000a   Code   RO         1595    i.HAL_GPIO_ReadPin  stm32g4xx_hal_gpio.o
    0x080022aa   0x080022aa   0x00000010   Code   RO         1596    i.HAL_GPIO_TogglePin  stm32g4xx_hal_gpio.o
    0x080022ba   0x080022ba   0x0000000a   Code   RO         1597    i.HAL_GPIO_WritePin  stm32g4xx_hal_gpio.o
    0x080022c4   0x080022c4   0x0000000c   Code   RO          888    i.HAL_GetTick       stm32g4xx_hal.o
    0x080022d0   0x080022d0   0x00000010   Code   RO          894    i.HAL_IncTick       stm32g4xx_hal.o
    0x080022e0   0x080022e0   0x0000001e   Code   RO          895    i.HAL_Init          stm32g4xx_hal.o
    0x080022fe   0x080022fe   0x00000002   PAD
    0x08002300   0x08002300   0x00000044   Code   RO          896    i.HAL_InitTick      stm32g4xx_hal.o
    0x08002344   0x08002344   0x00000030   Code   RO          331    i.HAL_MspInit       stm32g4xx_hal_msp.o
    0x08002374   0x08002374   0x0000001a   Code   RO         2242    i.HAL_NVIC_EnableIRQ  stm32g4xx_hal_cortex.o
    0x0800238e   0x0800238e   0x00000002   PAD
    0x08002390   0x08002390   0x00000040   Code   RO         2248    i.HAL_NVIC_SetPriority  stm32g4xx_hal_cortex.o
    0x080023d0   0x080023d0   0x00000024   Code   RO         2249    i.HAL_NVIC_SetPriorityGrouping  stm32g4xx_hal_cortex.o
    0x080023f4   0x080023f4   0x000000bc   Code   RO         1996    i.HAL_PWREx_ControlVoltageScaling  stm32g4xx_hal_pwr_ex.o
    0x080024b0   0x080024b0   0x00000010   Code   RO         2008    i.HAL_PWREx_DisableUCPDDeadBattery  stm32g4xx_hal_pwr_ex.o
    0x080024c0   0x080024c0   0x0000029c   Code   RO         1255    i.HAL_RCCEx_PeriphCLKConfig  stm32g4xx_hal_rcc_ex.o
    0x0800275c   0x0800275c   0x000001cc   Code   RO         1130    i.HAL_RCC_ClockConfig  stm32g4xx_hal_rcc.o
    0x08002928   0x08002928   0x00000024   Code   RO         1138    i.HAL_RCC_GetPCLK1Freq  stm32g4xx_hal_rcc.o
    0x0800294c   0x0800294c   0x00000024   Code   RO         1139    i.HAL_RCC_GetPCLK2Freq  stm32g4xx_hal_rcc.o
    0x08002970   0x08002970   0x00000058   Code   RO         1140    i.HAL_RCC_GetSysClockFreq  stm32g4xx_hal_rcc.o
    0x080029c8   0x080029c8   0x000003f4   Code   RO         1143    i.HAL_RCC_OscConfig  stm32g4xx_hal_rcc.o
    0x08002dbc   0x08002dbc   0x000000ea   Code   RO         2393    i.HAL_SPI_Init      stm32g4xx_hal_spi.o
    0x08002ea6   0x08002ea6   0x00000002   PAD
    0x08002ea8   0x08002ea8   0x00000068   Code   RO          333    i.HAL_SPI_MspInit   stm32g4xx_hal_msp.o
    0x08002f10   0x08002f10   0x0000018a   Code   RO         2401    i.HAL_SPI_Transmit  stm32g4xx_hal_spi.o
    0x0800309a   0x0800309a   0x00000028   Code   RO         2253    i.HAL_SYSTICK_Config  stm32g4xx_hal_cortex.o
    0x080030c2   0x080030c2   0x00000002   Code   RO         3449    i.HAL_TIMEx_Break2Callback  stm32g4xx_hal_tim_ex.o
    0x080030c4   0x080030c4   0x00000002   Code   RO         3450    i.HAL_TIMEx_BreakCallback  stm32g4xx_hal_tim_ex.o
    0x080030c6   0x080030c6   0x00000002   Code   RO         3451    i.HAL_TIMEx_CommutCallback  stm32g4xx_hal_tim_ex.o
    0x080030c8   0x080030c8   0x0000009c   Code   RO         3454    i.HAL_TIMEx_ConfigBreakDeadTime  stm32g4xx_hal_tim_ex.o
    0x08003164   0x08003164   0x00000002   Code   RO         3462    i.HAL_TIMEx_DirectionChangeCallback  stm32g4xx_hal_tim_ex.o
    0x08003166   0x08003166   0x00000002   Code   RO         3476    i.HAL_TIMEx_EncoderIndexCallback  stm32g4xx_hal_tim_ex.o
    0x08003168   0x08003168   0x00000002   Code   RO         3490    i.HAL_TIMEx_IndexErrorCallback  stm32g4xx_hal_tim_ex.o
    0x0800316a   0x0800316a   0x00000002   PAD
    0x0800316c   0x0800316c   0x0000009c   Code   RO         3491    i.HAL_TIMEx_MasterConfigSynchronization  stm32g4xx_hal_tim_ex.o
    0x08003208   0x08003208   0x00000002   Code   RO         3512    i.HAL_TIMEx_TransitionErrorCallback  stm32g4xx_hal_tim_ex.o
    0x0800320a   0x0800320a   0x00000062   Code   RO         2735    i.HAL_TIM_Base_Init  stm32g4xx_hal_tim.o
    0x0800326c   0x0800326c   0x00000078   Code   RO          335    i.HAL_TIM_Base_MspInit  stm32g4xx_hal_msp.o
    0x080032e4   0x080032e4   0x0000006c   Code   RO         2738    i.HAL_TIM_Base_Start  stm32g4xx_hal_tim.o
    0x08003350   0x08003350   0x00000078   Code   RO         2740    i.HAL_TIM_Base_Start_IT  stm32g4xx_hal_tim.o
    0x080033c8   0x080033c8   0x00000100   Code   RO         2744    i.HAL_TIM_ConfigClockSource  stm32g4xx_hal_tim.o
    0x080034c8   0x080034c8   0x000000a8   Code   RO         2756    i.HAL_TIM_Encoder_Init  stm32g4xx_hal_tim.o
    0x08003570   0x08003570   0x00000060   Code   RO          337    i.HAL_TIM_Encoder_MspInit  stm32g4xx_hal_msp.o
    0x080035d0   0x080035d0   0x00000092   Code   RO         2759    i.HAL_TIM_Encoder_Start  stm32g4xx_hal_tim.o
    0x08003662   0x08003662   0x00000002   Code   RO         2769    i.HAL_TIM_IC_CaptureCallback  stm32g4xx_hal_tim.o
    0x08003664   0x08003664   0x000001a2   Code   RO         2783    i.HAL_TIM_IRQHandler  stm32g4xx_hal_tim.o
    0x08003806   0x08003806   0x00000002   PAD
    0x08003808   0x08003808   0x00000054   Code   RO          338    i.HAL_TIM_MspPostInit  stm32g4xx_hal_msp.o
    0x0800385c   0x0800385c   0x00000002   Code   RO         2786    i.HAL_TIM_OC_DelayElapsedCallback  stm32g4xx_hal_tim.o
    0x0800385e   0x0800385e   0x00000124   Code   RO         2807    i.HAL_TIM_PWM_ConfigChannel  stm32g4xx_hal_tim.o
    0x08003982   0x08003982   0x00000062   Code   RO         2810    i.HAL_TIM_PWM_Init  stm32g4xx_hal_tim.o
    0x080039e4   0x080039e4   0x00000002   Code   RO         2812    i.HAL_TIM_PWM_MspInit  stm32g4xx_hal_tim.o
    0x080039e6   0x080039e6   0x00000002   Code   RO         2813    i.HAL_TIM_PWM_PulseFinishedCallback  stm32g4xx_hal_tim.o
    0x080039e8   0x080039e8   0x00000108   Code   RO         2815    i.HAL_TIM_PWM_Start  stm32g4xx_hal_tim.o
    0x08003af0   0x08003af0   0x0000006c   Code   RO         5406    i.HAL_TIM_PeriodElapsedCallback  global_control.o
    0x08003b5c   0x08003b5c   0x00000002   Code   RO         2826    i.HAL_TIM_TriggerCallback  stm32g4xx_hal_tim.o
    0x08003b5e   0x08003b5e   0x0000003e   Code   RO         4298    i.HAL_UARTEx_DisableFifoMode  stm32g4xx_hal_uart_ex.o
    0x08003b9c   0x08003b9c   0x00000002   Code   RO         3887    i.HAL_UARTEx_RxEventCallback  stm32g4xx_hal_uart.o
    0x08003b9e   0x08003b9e   0x00000002   Code   RO         4306    i.HAL_UARTEx_RxFifoFullCallback  stm32g4xx_hal_uart_ex.o
    0x08003ba0   0x08003ba0   0x0000004c   Code   RO         4307    i.HAL_UARTEx_SetRxFifoThreshold  stm32g4xx_hal_uart_ex.o
    0x08003bec   0x08003bec   0x0000004c   Code   RO         4308    i.HAL_UARTEx_SetTxFifoThreshold  stm32g4xx_hal_uart_ex.o
    0x08003c38   0x08003c38   0x00000002   Code   RO         4310    i.HAL_UARTEx_TxFifoEmptyCallback  stm32g4xx_hal_uart_ex.o
    0x08003c3a   0x08003c3a   0x00000002   Code   RO         4311    i.HAL_UARTEx_WakeupCallback  stm32g4xx_hal_uart_ex.o
    0x08003c3c   0x08003c3c   0x00000002   Code   RO         3903    i.HAL_UART_ErrorCallback  stm32g4xx_hal_uart.o
    0x08003c3e   0x08003c3e   0x00000002   PAD
    0x08003c40   0x08003c40   0x0000031c   Code   RO         3906    i.HAL_UART_IRQHandler  stm32g4xx_hal_uart.o
    0x08003f5c   0x08003f5c   0x0000006a   Code   RO         3907    i.HAL_UART_Init     stm32g4xx_hal_uart.o
    0x08003fc6   0x08003fc6   0x00000002   PAD
    0x08003fc8   0x08003fc8   0x000000c4   Code   RO          340    i.HAL_UART_MspInit  stm32g4xx_hal_msp.o
    0x0800408c   0x0800408c   0x00000090   Code   RO         3917    i.HAL_UART_Transmit_DMA  stm32g4xx_hal_uart.o
    0x0800411c   0x0800411c   0x00000002   Code   RO         3919    i.HAL_UART_TxCpltCallback  stm32g4xx_hal_uart.o
    0x0800411e   0x0800411e   0x00000002   Code   RO         3920    i.HAL_UART_TxHalfCpltCallback  stm32g4xx_hal_uart.o
    0x08004120   0x08004120   0x00000178   Code   RO         5141    i.HFI_Calculate     observer_drv.o
    0x08004298   0x08004298   0x00000002   Code   RO          218    i.HardFault_Handler  stm32g4xx_it.o
    0x0800429a   0x0800429a   0x00000002   PAD
    0x0800429c   0x0800429c   0x0000012c   Code   RO         5019    i.Hfi_Current_Close_Loop  motor_sensorless.o
    0x080043c8   0x080043c8   0x000002b4   Code   RO         5020    i.Hfi_Smo_Speed_Current_Loop  motor_sensorless.o
    0x0800467c   0x0800467c   0x000001d4   Code   RO         5021    i.Hfi_Speed_Current_Loop  motor_sensorless.o
    0x08004850   0x08004850   0x00000250   Code   RO         5022    i.Hfi_TO_Obsever_Cal  motor_sensorless.o
    0x08004aa0   0x08004aa0   0x0000002a   Code   RO         5332    i.IPark_Transform   foc_drv.o
    0x08004aca   0x08004aca   0x00000002   PAD
    0x08004acc   0x08004acc   0x00000090   Code   RO         4777    i.Key_Process       key_drv.o
    0x08004b5c   0x08004b5c   0x00000030   Code   RO         4778    i.Key_Scan          key_drv.o
    0x08004b8c   0x08004b8c   0x0000002c   Code   RO         4813    i.Key_Task          key_task.o
    0x08004bb8   0x08004bb8   0x0000003e   Code   RO         4485    i.LCD_Address_Set   lcd_drv.o
    0x08004bf6   0x08004bf6   0x00000012   Code   RO         4657    i.LCD_Clear         lcd_mid.o
    0x08004c08   0x08004c08   0x00000034   Code   RO         4658    i.LCD_Display_Logo  lcd_mid.o
    0x08004c3c   0x08004c3c   0x0000049c   Code   RO         4659    i.LCD_Display_Page1  lcd_mid.o
    0x080050d8   0x080050d8   0x00000168   Code   RO         4660    i.LCD_Display_Page2  lcd_mid.o
    0x08005240   0x08005240   0x00000098   Code   RO         4486    i.LCD_DrawLine      lcd_drv.o
    0x080052d8   0x080052d8   0x0000001c   Code   RO         4487    i.LCD_DrawPoint     lcd_drv.o
    0x080052f4   0x080052f4   0x0000004e   Code   RO         4489    i.LCD_Fill          lcd_drv.o
    0x08005342   0x08005342   0x00000002   PAD
    0x08005344   0x08005344   0x00000044   Code   RO         4490    i.LCD_Flush_buffer  lcd_drv.o
    0x08005388   0x08005388   0x00000208   Code   RO         4491    i.LCD_Init          lcd_drv.o
    0x08005590   0x08005590   0x00000030   Code   RO         4492    i.LCD_Send_Byte     lcd_drv.o
    0x080055c0   0x080055c0   0x0000012c   Code   RO         4493    i.LCD_ShowChar      lcd_drv.o
    0x080056ec   0x080056ec   0x00000086   Code   RO         4494    i.LCD_ShowChinese   lcd_drv.o
    0x08005772   0x08005772   0x00000002   PAD
    0x08005774   0x08005774   0x0000010c   Code   RO         4495    i.LCD_ShowChinese12x12  lcd_drv.o
    0x08005880   0x08005880   0x00000108   Code   RO         4496    i.LCD_ShowChinese16x16  lcd_drv.o
    0x08005988   0x08005988   0x0000010c   Code   RO         4497    i.LCD_ShowChinese24x24  lcd_drv.o
    0x08005a94   0x08005a94   0x00000108   Code   RO         4498    i.LCD_ShowChinese32x32  lcd_drv.o
    0x08005b9c   0x08005b9c   0x000000a0   Code   RO         4499    i.LCD_ShowFloatNum1  lcd_drv.o
    0x08005c3c   0x08005c3c   0x0000007e   Code   RO         4500    i.LCD_ShowIntNum    lcd_drv.o
    0x08005cba   0x08005cba   0x00000054   Code   RO         4501    i.LCD_ShowPicture   lcd_drv.o
    0x08005d0e   0x08005d0e   0x0000003a   Code   RO         4502    i.LCD_ShowString    lcd_drv.o
    0x08005d48   0x08005d48   0x00000014   Code   RO         4503    i.LCD_WR_DATA       lcd_drv.o
    0x08005d5c   0x08005d5c   0x00000028   Code   RO         4505    i.LCD_WR_REG        lcd_drv.o
    0x08005d84   0x08005d84   0x00000024   Code   RO         4507    i.LCD_buffer_write  lcd_drv.o
    0x08005da8   0x08005da8   0x0000000c   Code   RO          450    i.LL_ADC_GetOffsetChannel  stm32g4xx_hal_adc.o
    0x08005db4   0x08005db4   0x0000000c   Code   RO          688    i.LL_ADC_GetOffsetChannel  stm32g4xx_hal_adc_ex.o
    0x08005dc0   0x08005dc0   0x00000008   Code   RO          451    i.LL_ADC_INJ_IsConversionOngoing  stm32g4xx_hal_adc.o
    0x08005dc8   0x08005dc8   0x00000008   Code   RO          689    i.LL_ADC_INJ_IsConversionOngoing  stm32g4xx_hal_adc_ex.o
    0x08005dd0   0x08005dd0   0x00000008   Code   RO          452    i.LL_ADC_IsEnabled  stm32g4xx_hal_adc.o
    0x08005dd8   0x08005dd8   0x00000008   Code   RO          690    i.LL_ADC_IsEnabled  stm32g4xx_hal_adc_ex.o
    0x08005de0   0x08005de0   0x00000008   Code   RO          453    i.LL_ADC_REG_IsConversionOngoing  stm32g4xx_hal_adc.o
    0x08005de8   0x08005de8   0x00000008   Code   RO          691    i.LL_ADC_REG_IsConversionOngoing  stm32g4xx_hal_adc_ex.o
    0x08005df0   0x08005df0   0x00000010   Code   RO          454    i.LL_ADC_REG_IsTriggerSourceSWStart  stm32g4xx_hal_adc.o
    0x08005e00   0x08005e00   0x0000001e   Code   RO          456    i.LL_ADC_SetChannelSamplingTime  stm32g4xx_hal_adc.o
    0x08005e1e   0x08005e1e   0x0000001e   Code   RO          692    i.LL_ADC_SetChannelSamplingTime  stm32g4xx_hal_adc_ex.o
    0x08005e3c   0x08005e3c   0x00000010   Code   RO          457    i.LL_ADC_SetOffsetState  stm32g4xx_hal_adc.o
    0x08005e4c   0x08005e4c   0x00000010   Code   RO          693    i.LL_ADC_SetOffsetState  stm32g4xx_hal_adc_ex.o
    0x08005e5c   0x08005e5c   0x00000138   Code   RO         4746    i.Lcd_Task          lcd_task.o
    0x08005f94   0x08005f94   0x00000038   Code   RO         4454    i.Led_Task          led_task.o
    0x08005fcc   0x08005fcc   0x00000114   Code   RO           14    i.MX_ADC2_Init      main.o
    0x080060e0   0x080060e0   0x00000140   Code   RO           15    i.MX_GPIO_Init      main.o
    0x08006220   0x08006220   0x00000050   Code   RO           16    i.MX_SPI3_Init      main.o
    0x08006270   0x08006270   0x00000110   Code   RO           17    i.MX_TIM1_Init      main.o
    0x08006380   0x08006380   0x00000068   Code   RO           18    i.MX_TIM2_Init      main.o
    0x080063e8   0x080063e8   0x00000070   Code   RO           19    i.MX_TIM3_Init      main.o
    0x08006458   0x08006458   0x00000064   Code   RO           20    i.MX_USART1_UART_Init  main.o
    0x080064bc   0x080064bc   0x00000002   Code   RO          219    i.MemManage_Handler  stm32g4xx_it.o
    0x080064be   0x080064be   0x00000002   PAD
    0x080064c0   0x080064c0   0x000002fc   Code   RO         4947    i.Motor_Identify    motor_identify.o
    0x080067bc   0x080067bc   0x000002d4   Code   RO         5110    i.Motor_Struct_Init  motor_publicdata.o
    0x08006a90   0x08006a90   0x00000004   Code   RO         4874    i.Motor_System_Init  motor_system.o
    0x08006a94   0x08006a94   0x0000014c   Code   RO         4875    i.Motor_System_Run  motor_system.o
    0x08006be0   0x08006be0   0x00000002   Code   RO          220    i.NMI_Handler       stm32g4xx_it.o
    0x08006be2   0x08006be2   0x00000088   Code   RO         5373    i.PID_Control       pid_drv.o
    0x08006c6a   0x08006c6a   0x00000002   PAD
    0x08006c6c   0x08006c6c   0x000000b8   Code   RO         5142    i.PLL_Calculate     observer_drv.o
    0x08006d24   0x08006d24   0x0000002a   Code   RO         5333    i.Park_Transform    foc_drv.o
    0x08006d4e   0x08006d4e   0x00000002   Code   RO          221    i.PendSV_Handler    stm32g4xx_it.o
    0x08006d50   0x08006d50   0x00000178   Code   RO         4973    i.Pos_Speed_Current_Loop  motor_sensoruse.o
    0x08006ec8   0x08006ec8   0x000000e4   Code   RO         5143    i.SMO_Calculate     observer_drv.o
    0x08006fac   0x08006fac   0x00000048   Code   RO         2431    i.SPI_EndRxTxTransaction  stm32g4xx_hal_spi.o
    0x08006ff4   0x08006ff4   0x000000dc   Code   RO         2436    i.SPI_WaitFifoStateUntilTimeout  stm32g4xx_hal_spi.o
    0x080070d0   0x080070d0   0x000000b8   Code   RO         2437    i.SPI_WaitFlagStateUntilTimeout  stm32g4xx_hal_spi.o
    0x08007188   0x08007188   0x00000002   Code   RO          222    i.SVC_Handler       stm32g4xx_it.o
    0x0800718a   0x0800718a   0x00000020   Code   RO         5023    i.Sat               motor_sensorless.o
    0x080071aa   0x080071aa   0x00000002   PAD
    0x080071ac   0x080071ac   0x00000034   Code   RO         5024    i.Sensorless_Control  motor_sensorless.o
    0x080071e0   0x080071e0   0x0000004c   Code   RO         4974    i.Sensoruse_Control  motor_sensoruse.o
    0x0800722c   0x0800722c   0x00000120   Code   RO         4975    i.Speed_Current_Loop  motor_sensoruse.o
    0x0800734c   0x0800734c   0x000000e0   Code   RO         5025    i.Strong_Drag_Current_Close_Loop  motor_sensorless.o
    0x0800742c   0x0800742c   0x00000054   Code   RO         5026    i.Strong_Drag_Current_Open_Loop  motor_sensorless.o
    0x08007480   0x08007480   0x000002c0   Code   RO         5027    i.Strong_Drag_Smo_Speed_Current_Loop  motor_sensorless.o
    0x08007740   0x08007740   0x00000260   Code   RO         5028    i.Strong_Drag_To_Observer_Cal  motor_sensorless.o
    0x080079a0   0x080079a0   0x00000004   Code   RO          223    i.SysTick_Handler   stm32g4xx_it.o
    0x080079a4   0x080079a4   0x00000066   Code   RO           21    i.SystemClock_Config  main.o
    0x08007a0a   0x08007a0a   0x00000002   PAD
    0x08007a0c   0x08007a0c   0x00000010   Code   RO         4417    i.SystemInit        system_stm32g4xx.o
    0x08007a1c   0x08007a1c   0x0000000c   Code   RO          224    i.TIM1_UP_TIM16_IRQHandler  stm32g4xx_it.o
    0x08007a28   0x08007a28   0x0000000c   Code   RO          225    i.TIM2_IRQHandler   stm32g4xx_it.o
    0x08007a34   0x08007a34   0x000000bc   Code   RO         2828    i.TIM_Base_SetConfig  stm32g4xx_hal_tim.o
    0x08007af0   0x08007af0   0x0000001a   Code   RO         2829    i.TIM_CCxChannelCmd  stm32g4xx_hal_tim.o
    0x08007b0a   0x08007b0a   0x00000014   Code   RO         2839    i.TIM_ETR_SetConfig  stm32g4xx_hal_tim.o
    0x08007b1e   0x08007b1e   0x00000002   PAD
    0x08007b20   0x08007b20   0x00000014   Code   RO         2840    i.TIM_ITRx_SetConfig  stm32g4xx_hal_tim.o
    0x08007b34   0x08007b34   0x0000009c   Code   RO         2841    i.TIM_OC1_SetConfig  stm32g4xx_hal_tim.o
    0x08007bd0   0x08007bd0   0x00000090   Code   RO         2842    i.TIM_OC2_SetConfig  stm32g4xx_hal_tim.o
    0x08007c60   0x08007c60   0x00000090   Code   RO         2843    i.TIM_OC3_SetConfig  stm32g4xx_hal_tim.o
    0x08007cf0   0x08007cf0   0x00000090   Code   RO         2844    i.TIM_OC4_SetConfig  stm32g4xx_hal_tim.o
    0x08007d80   0x08007d80   0x00000070   Code   RO         2845    i.TIM_OC5_SetConfig  stm32g4xx_hal_tim.o
    0x08007df0   0x08007df0   0x00000070   Code   RO         2846    i.TIM_OC6_SetConfig  stm32g4xx_hal_tim.o
    0x08007e60   0x08007e60   0x00000022   Code   RO         2848    i.TIM_TI1_ConfigInputStage  stm32g4xx_hal_tim.o
    0x08007e82   0x08007e82   0x00000024   Code   RO         2850    i.TIM_TI2_ConfigInputStage  stm32g4xx_hal_tim.o
    0x08007ea6   0x08007ea6   0x00000002   PAD
    0x08007ea8   0x08007ea8   0x000000d4   Code   RO         5268    i.T_Shaped_Acc_Dec  speed_drv.o
    0x08007f7c   0x08007f7c   0x000000a4   Code   RO         5407    i.Target_Set        global_control.o
    0x08008020   0x08008020   0x00000044   Code   RO         4312    i.UARTEx_SetNbDataToProcess  stm32g4xx_hal_uart_ex.o
    0x08008064   0x08008064   0x000000c8   Code   RO         3921    i.UART_AdvFeatureConfig  stm32g4xx_hal_uart.o
    0x0800812c   0x0800812c   0x000000ac   Code   RO         3922    i.UART_CheckIdleState  stm32g4xx_hal_uart.o
    0x080081d8   0x080081d8   0x00000010   Code   RO         3923    i.UART_DMAAbortOnError  stm32g4xx_hal_uart.o
    0x080081e8   0x080081e8   0x00000050   Code   RO         3924    i.UART_DMAError     stm32g4xx_hal_uart.o
    0x08008238   0x08008238   0x00000042   Code   RO         3929    i.UART_DMATransmitCplt  stm32g4xx_hal_uart.o
    0x0800827a   0x0800827a   0x0000000a   Code   RO         3931    i.UART_DMATxHalfCplt  stm32g4xx_hal_uart.o
    0x08008284   0x08008284   0x00000054   Code   RO         3933    i.UART_EndRxTransfer  stm32g4xx_hal_uart.o
    0x080082d8   0x080082d8   0x0000002e   Code   RO         3934    i.UART_EndTxTransfer  stm32g4xx_hal_uart.o
    0x08008306   0x08008306   0x00000002   PAD
    0x08008308   0x08008308   0x00000270   Code   RO         3939    i.UART_SetConfig    stm32g4xx_hal_uart.o
    0x08008578   0x08008578   0x00000092   Code   RO         3946    i.UART_WaitOnFlagUntilTimeout  stm32g4xx_hal_uart.o
    0x0800860a   0x0800860a   0x00000002   PAD
    0x0800860c   0x0800860c   0x0000000c   Code   RO          226    i.USART1_IRQHandler  stm32g4xx_it.o
    0x08008618   0x08008618   0x00000002   Code   RO          227    i.UsageFault_Handler  stm32g4xx_it.o
    0x0800861a   0x0800861a   0x00000002   PAD
    0x0800861c   0x0800861c   0x0000008c   Code   RO         4843    i.Usart_Task        usart_task.o
    0x080086a8   0x080086a8   0x00000020   Code   RO         2255    i.__NVIC_SetPriority  stm32g4xx_hal_cortex.o
    0x080086c8   0x080086c8   0x0000000e   Code   RO         5500    i.__scatterload_copy  mc_w.l(handlers.o)
    0x080086d6   0x080086d6   0x00000002   Code   RO         5501    i.__scatterload_null  mc_w.l(handlers.o)
    0x080086d8   0x080086d8   0x0000000e   Code   RO         5502    i.__scatterload_zeroinit  mc_w.l(handlers.o)
    0x080086e6   0x080086e6   0x00000002   PAD
    0x080086e8   0x080086e8   0x000000b4   Code   RO           22    i.main              main.o
    0x0800879c   0x0800879c   0x00000010   Code   RO         4508    i.mypow             lcd_drv.o
    0x080087ac   0x080087ac   0x00000018   Data   RO         3947    .constdata          stm32g4xx_hal_uart.o
    0x080087c4   0x080087c4   0x00000010   Data   RO         4313    .constdata          stm32g4xx_hal_uart_ex.o
    0x080087d4   0x080087d4   0x00000010   Data   RO         4418    .constdata          system_stm32g4xx.o
    0x080087e4   0x080087e4   0x00000008   Data   RO         4419    .constdata          system_stm32g4xx.o
    0x080087ec   0x080087ec   0x00003fba   Data   RO         4510    .constdata          lcd_drv.o
    0x0800c7a6   0x0800c7a6   0x00001f74   Data   RO         4511    .constdata          lcd_drv.o
    0x0800e71a   0x0800e71a   0x00000002   PAD
    0x0800e71c   0x0800e71c   0x00001000   Data   RO         5299    .constdata          math_drv.o
    0x0800f71c   0x0800f71c   0x00000020   Data   RO         5498    Region$$Table       anon$$obj.o


    Execution Region RW_IRAM1 (Exec base: 0x20000000, Load base: 0x0800f73c, Size: 0x00000cd8, Max: 0x00008000, ABSOLUTE)

    Exec Addr    Load Addr    Size         Type   Attr      Idx    E Section Name        Object

    0x20000000   0x0800f73c   0x0000000c   Data   RW          915    .data               stm32g4xx_hal.o
    0x2000000c   0x0800f748   0x00000004   Data   RW         4420    .data               system_stm32g4xx.o
    0x20000010   0x0800f74c   0x00000004   Data   RW         4455    .data               led_task.o
    0x20000014   0x0800f750   0x00000002   Data   RW         4512    .data               lcd_drv.o
    0x20000016   0x0800f752   0x00000004   Data   RW         4661    .data               lcd_mid.o
    0x2000001a   0x0800f756   0x00000004   Data   RW         4747    .data               lcd_task.o
    0x2000001e   0x0800f75a   0x0000000a   Data   RW         4779    .data               key_drv.o
    0x20000028   0x0800f764   0x00000004   Data   RW         4814    .data               key_task.o
    0x2000002c   0x0800f768   0x00000004   Data   RW         4845    .data               usart_task.o
    0x20000030   0x0800f76c   0x00000001   Data   RW         5112    .data               motor_publicdata.o
    0x20000031   0x0800f76d   0x00000003   PAD
    0x20000034        -       0x00000294   Zero   RW           23    .bss                main.o
    0x200002c8        -       0x00000060   Zero   RW           24    .bss                main.o
    0x20000328        -       0x00000060   Zero   RW           25    .bss                main.o
    0x20000388        -       0x00000100   Zero   RW         4509    .bss                lcd_drv.o
    0x20000488        -       0x00000010   Zero   RW         4844    .bss                usart_task.o
    0x20000498        -       0x00000440   Zero   RW         5111    .bss                motor_publicdata.o
    0x200008d8        -       0x00000400   Zero   RW            1    STACK               startup_stm32g431xx.o


==============================================================================

Image component sizes


      Code (inc. data)   RO Data    RW Data    ZI Data      Debug   Object Name

       138          6          0          0          0       1642   eangle_drv.o
       636         42          0          0          0       3639   foc_drv.o
       540        106          0          0          0       4651   global_control.o
       192         16          0         10          0       2465   key_drv.o
        44          6          0          4          0       1266   key_task.o
      2994         82      24366          2        256      25259   lcd_drv.o
      1610        344          0          4          0       3129   lcd_mid.o
       312         32          0          4          0       1807   lcd_task.o
        56         10          0          4          0       1250   led_task.o
      1550        108          0          0        852     696143   main.o
       252         12       4096          0          0       2294   math_drv.o
       764         40          0          0          0       1317   motor_identify.o
       724        104          0          1       1088       5175   motor_publicdata.o
      3756        220          0          0          0      14740   motor_sensorless.o
       940         50          0          0          0       4071   motor_sensoruse.o
       336         40          0          0          0       7343   motor_system.o
       788         18          0          0          0       2584   observer_drv.o
       136          0          0          0          0        986   pid_drv.o
        96          0          0          0          0        989   position_drv.o
       206          0          0          0          0       2201   sample_drv.o
       328          4          0          0          0       1717   speed_drv.o
        36          8        472          0       1024        872   startup_stm32g431xx.o
       162         24          0         12          0       4725   stm32g4xx_hal.o
      2938        144          0          0          0      85151   stm32g4xx_hal_adc.o
      1830         82          0          0          0      78225   stm32g4xx_hal_adc_ex.o
       198         14          0          0          0      34151   stm32g4xx_hal_cortex.o
       906         30          0          0          0       7086   stm32g4xx_hal_dma.o
       468         32          0          0          0       3812   stm32g4xx_hal_gpio.o
       908        106          0          0          0       6008   stm32g4xx_hal_msp.o
       204         18          0          0          0       1553   stm32g4xx_hal_pwr_ex.o
      1632         82          0          0          0       6820   stm32g4xx_hal_rcc.o
       668          8          0          0          0       2104   stm32g4xx_hal_rcc_ex.o
      1104         10          0          0          0       6154   stm32g4xx_hal_spi.o
      3114        288          0          0          0      24018   stm32g4xx_hal_tim.o
       326         32          0          0          0       7164   stm32g4xx_hal_tim_ex.o
      2498         96         24          0          0      34742   stm32g4xx_hal_uart.o
       288          6         16          0          0       5910   stm32g4xx_hal_uart_ex.o
        92         36          0          0          0       8629   stm32g4xx_it.o
        16          4         24          4          0       1303   system_stm32g4xx.o
       140         20          0          4         16       1859   usart_task.o

    ----------------------------------------------------------------------
     33976       2280      29032         52       3236    1104954   Object Totals
         0          0         32          0          0          0   (incl. Generated)
        50          0          2          3          0          0   (incl. Padding)

    ----------------------------------------------------------------------

      Code (inc. data)   RO Data    RW Data    ZI Data      Debug   Library Member Name

         0          0          0          0          0          0   entry.o
         0          0          0          0          0          0   entry10a.o
         0          0          0          0          0          0   entry11a.o
         8          4          0          0          0          0   entry2.o
         4          0          0          0          0          0   entry5.o
         0          0          0          0          0          0   entry7b.o
         0          0          0          0          0          0   entry8b.o
         8          4          0          0          0          0   entry9a.o
        30          0          0          0          0          0   handlers.o
        36          8          0          0          0         68   init.o
        30          0          0          0          0         68   llshl.o
        32          0          0          0          0         68   llushr.o
        36          0          0          0          0        108   memseta.o
        98          0          0          0          0         92   uldiv.o

    ----------------------------------------------------------------------
       284         16          0          0          0        404   Library Totals
         2          0          0          0          0          0   (incl. Padding)

    ----------------------------------------------------------------------

      Code (inc. data)   RO Data    RW Data    ZI Data      Debug   Library Name

       282         16          0          0          0        404   mc_w.l

    ----------------------------------------------------------------------
       284         16          0          0          0        404   Library Totals

    ----------------------------------------------------------------------

==============================================================================


      Code (inc. data)   RO Data    RW Data    ZI Data      Debug   

     34260       2296      29032         52       3236    1083858   Grand Totals
     34260       2296      29032         52       3236    1083858   ELF Image Totals
     34260       2296      29032         52          0          0   ROM Totals

==============================================================================

    Total RO  Size (Code + RO Data)                63292 (  61.81kB)
    Total RW  Size (RW Data + ZI Data)              3288 (   3.21kB)
    Total ROM Size (Code + RO Data + RW Data)      63344 (  61.86kB)

==============================================================================

